Archive member included to satisfy reference by file (symbol)

d:/program files/atmel/studio/7.0/toolchain/arm/arm-gnu-toolchain/bin/../lib/gcc/arm-none-eabi/6.2.1/../../../../arm-none-eabi/lib/thumb/v7e-m\libc.a(lib_a-exit.o)
                              d:/program files/atmel/studio/7.0/toolchain/arm/arm-gnu-toolchain/bin/../lib/gcc/arm-none-eabi/6.2.1/../../../../arm-none-eabi/lib/thumb/v7e-m/crt0.o (exit)
d:/program files/atmel/studio/7.0/toolchain/arm/arm-gnu-toolchain/bin/../lib/gcc/arm-none-eabi/6.2.1/../../../../arm-none-eabi/lib/thumb/v7e-m\libc.a(lib_a-impure.o)
                              d:/program files/atmel/studio/7.0/toolchain/arm/arm-gnu-toolchain/bin/../lib/gcc/arm-none-eabi/6.2.1/../../../../arm-none-eabi/lib/thumb/v7e-m\libc.a(lib_a-exit.o) (_global_impure_ptr)
d:/program files/atmel/studio/7.0/toolchain/arm/arm-gnu-toolchain/bin/../lib/gcc/arm-none-eabi/6.2.1/../../../../arm-none-eabi/lib/thumb/v7e-m\libc.a(lib_a-init.o)
                              d:/program files/atmel/studio/7.0/toolchain/arm/arm-gnu-toolchain/bin/../lib/gcc/arm-none-eabi/6.2.1/../../../../arm-none-eabi/lib/thumb/v7e-m/crt0.o (__libc_init_array)
d:/program files/atmel/studio/7.0/toolchain/arm/arm-gnu-toolchain/bin/../lib/gcc/arm-none-eabi/6.2.1/../../../../arm-none-eabi/lib/thumb/v7e-m\libc.a(lib_a-iprintf.o)
                              src/main.o (iprintf)
d:/program files/atmel/studio/7.0/toolchain/arm/arm-gnu-toolchain/bin/../lib/gcc/arm-none-eabi/6.2.1/../../../../arm-none-eabi/lib/thumb/v7e-m\libc.a(lib_a-malloc.o)
                              src/ASF/thirdparty/freertos/freertos-8.2.3/Source/portable/MemMang/heap_3.o (malloc)
d:/program files/atmel/studio/7.0/toolchain/arm/arm-gnu-toolchain/bin/../lib/gcc/arm-none-eabi/6.2.1/../../../../arm-none-eabi/lib/thumb/v7e-m\libc.a(lib_a-mallocr.o)
                              d:/program files/atmel/studio/7.0/toolchain/arm/arm-gnu-toolchain/bin/../lib/gcc/arm-none-eabi/6.2.1/../../../../arm-none-eabi/lib/thumb/v7e-m\libc.a(lib_a-malloc.o) (_malloc_r)
d:/program files/atmel/studio/7.0/toolchain/arm/arm-gnu-toolchain/bin/../lib/gcc/arm-none-eabi/6.2.1/../../../../arm-none-eabi/lib/thumb/v7e-m\libc.a(lib_a-memcpy.o)
                              src/ASF/thirdparty/freertos/freertos-8.2.3/Source/queue.o (memcpy)
d:/program files/atmel/studio/7.0/toolchain/arm/arm-gnu-toolchain/bin/../lib/gcc/arm-none-eabi/6.2.1/../../../../arm-none-eabi/lib/thumb/v7e-m\libc.a(lib_a-memset.o)
                              d:/program files/atmel/studio/7.0/toolchain/arm/arm-gnu-toolchain/bin/../lib/gcc/arm-none-eabi/6.2.1/../../../../arm-none-eabi/lib/thumb/v7e-m/crt0.o (memset)
d:/program files/atmel/studio/7.0/toolchain/arm/arm-gnu-toolchain/bin/../lib/gcc/arm-none-eabi/6.2.1/../../../../arm-none-eabi/lib/thumb/v7e-m\libc.a(lib_a-mlock.o)
                              d:/program files/atmel/studio/7.0/toolchain/arm/arm-gnu-toolchain/bin/../lib/gcc/arm-none-eabi/6.2.1/../../../../arm-none-eabi/lib/thumb/v7e-m\libc.a(lib_a-mallocr.o) (__malloc_lock)
d:/program files/atmel/studio/7.0/toolchain/arm/arm-gnu-toolchain/bin/../lib/gcc/arm-none-eabi/6.2.1/../../../../arm-none-eabi/lib/thumb/v7e-m\libc.a(lib_a-sbrkr.o)
                              d:/program files/atmel/studio/7.0/toolchain/arm/arm-gnu-toolchain/bin/../lib/gcc/arm-none-eabi/6.2.1/../../../../arm-none-eabi/lib/thumb/v7e-m\libc.a(lib_a-mallocr.o) (_sbrk_r)
d:/program files/atmel/studio/7.0/toolchain/arm/arm-gnu-toolchain/bin/../lib/gcc/arm-none-eabi/6.2.1/../../../../arm-none-eabi/lib/thumb/v7e-m\libc.a(lib_a-setbuf.o)
                              src/main.o (setbuf)
d:/program files/atmel/studio/7.0/toolchain/arm/arm-gnu-toolchain/bin/../lib/gcc/arm-none-eabi/6.2.1/../../../../arm-none-eabi/lib/thumb/v7e-m\libc.a(lib_a-setvbuf.o)
                              d:/program files/atmel/studio/7.0/toolchain/arm/arm-gnu-toolchain/bin/../lib/gcc/arm-none-eabi/6.2.1/../../../../arm-none-eabi/lib/thumb/v7e-m\libc.a(lib_a-setbuf.o) (setvbuf)
d:/program files/atmel/studio/7.0/toolchain/arm/arm-gnu-toolchain/bin/../lib/gcc/arm-none-eabi/6.2.1/../../../../arm-none-eabi/lib/thumb/v7e-m\libc.a(lib_a-sprintf.o)
                              src/ASF/thirdparty/freertos/freertos-8.2.3/Source/tasks.o (sprintf)
d:/program files/atmel/studio/7.0/toolchain/arm/arm-gnu-toolchain/bin/../lib/gcc/arm-none-eabi/6.2.1/../../../../arm-none-eabi/lib/thumb/v7e-m\libc.a(lib_a-strcpy.o)
                              src/ASF/thirdparty/freertos/freertos-8.2.3/Source/tasks.o (strcpy)
d:/program files/atmel/studio/7.0/toolchain/arm/arm-gnu-toolchain/bin/../lib/gcc/arm-none-eabi/6.2.1/../../../../arm-none-eabi/lib/thumb/v7e-m\libc.a(lib_a-strlen.o)
                              src/ASF/thirdparty/freertos/freertos-8.2.3/Source/tasks.o (strlen)
d:/program files/atmel/studio/7.0/toolchain/arm/arm-gnu-toolchain/bin/../lib/gcc/arm-none-eabi/6.2.1/../../../../arm-none-eabi/lib/thumb/v7e-m\libc.a(lib_a-svfprintf.o)
[...]
Memory Configuration

Name             Origin             Length             Attributes
rom              0x00400000         0x00200000         xr
ram              0x20400000         0x00060000         xrw
*default*        0x00000000         0xffffffff

Linker script and memory map

LOAD d:/program files/atmel/studio/7.0/toolchain/arm/arm-gnu-toolchain/bin/../lib/gcc/arm-none-eabi/6.2.1/thumb/v7e-m/crti.o
LOAD d:/program files/atmel/studio/7.0/toolchain/arm/arm-gnu-toolchain/bin/../lib/gcc/arm-none-eabi/6.2.1/thumb/v7e-m/crtbegin.o
LOAD d:/program files/atmel/studio/7.0/toolchain/arm/arm-gnu-toolchain/bin/../lib/gcc/arm-none-eabi/6.2.1/../../../../arm-none-eabi/lib/thumb/v7e-m/crt0.o
LOAD src/ASF/common/services/clock/samv71/sysclk.o
LOAD src/ASF/common/services/serial/usart_serial.o
LOAD src/ASF/common/utils/interrupt/interrupt_sam_nvic.o
LOAD src/ASF/common/utils/stdio/read.o
LOAD src/ASF/common/utils/stdio/write.o
LOAD src/ASF/sam/boards/samv71_xplained_ultra/init.o
LOAD src/ASF/sam/drivers/mpu/mpu.o
LOAD src/ASF/sam/drivers/pio/pio.o
LOAD src/ASF/sam/drivers/pio/pio_handler.o
LOAD src/ASF/sam/drivers/pmc/pmc.o
LOAD src/ASF/sam/drivers/pmc/sleep.o
LOAD src/ASF/sam/drivers/uart/uart.o
LOAD src/ASF/sam/drivers/usart/usart.o
LOAD src/ASF/sam/utils/cmsis/samv71/source/templates/gcc/startup_samv71.o
LOAD src/ASF/sam/utils/cmsis/samv71/source/templates/system_samv71.o
LOAD src/ASF/sam/utils/syscalls/gcc/syscalls.o
LOAD src/ASF/thirdparty/freertos/freertos-8.2.3/Source/croutine.o
LOAD src/ASF/thirdparty/freertos/freertos-8.2.3/Source/event_groups.o
LOAD src/ASF/thirdparty/freertos/freertos-8.2.3/Source/list.o
LOAD src/ASF/thirdparty/freertos/freertos-8.2.3/Source/portable/GCC/ARM_CM7/r0p1/port.o
LOAD src/ASF/thirdparty/freertos/freertos-8.2.3/Source/portable/MemMang/heap_3.o
LOAD src/ASF/thirdparty/freertos/freertos-8.2.3/Source/queue.o
LOAD src/ASF/thirdparty/freertos/freertos-8.2.3/Source/tasks.o
LOAD src/ASF/thirdparty/freertos/freertos-8.2.3/Source/timers.o
LOAD src/main.o
START GROUP
LOAD ../src/ASF/thirdparty/CMSIS/Lib/GCC\libarm_cortexM7lfsp_math_softfp.a
LOAD d:/program files/atmel/studio/7.0/toolchain/arm/arm-gnu-toolchain/bin/../lib/gcc/arm-none-eabi/6.2.1/../../../../arm-none-eabi/lib/thumb/v7e-m\libm.a
END GROUP
START GROUP
LOAD d:/program files/atmel/studio/7.0/toolchain/arm/arm-gnu-toolchain/bin/../lib/gcc/arm-none-eabi/6.2.1/thumb/v7e-m\libgcc.a
LOAD d:/program files/atmel/studio/7.0/toolchain/arm/arm-gnu-toolchain/bin/../lib/gcc/arm-none-eabi/6.2.1/../../../../arm-none-eabi/lib/thumb/v7e-m\libc.a
END GROUP
LOAD d:/program files/atmel/studio/7.0/toolchain/arm/arm-gnu-toolchain/bin/../lib/gcc/arm-none-eabi/6.2.1/thumb/v7e-m/crtend.o
LOAD d:/program files/atmel/studio/7.0/toolchain/arm/arm-gnu-toolchain/bin/../lib/gcc/arm-none-eabi/6.2.1/thumb/v7e-m/crtn.o
                0x00002000                STACK_SIZE = DEFINED (STACK_SIZE)?STACK_SIZE:0x2000
                0x2045fffc                __ram_end__ = ((ORIGIN (ram) + LENGTH (ram)) - 0x4)
                0x00000200                HEAP_SIZE = DEFINED (HEAP_SIZE)?HEAP_SIZE:0x200

.text           0x00400000     0x9414
                0x00400000                . = ALIGN (0x4)
                0x00400000                _sfixed = .
 *(.vectors .vectors.*)
 .vectors       0x00400000      0x140 src/ASF/sam/utils/cmsis/samv71/source/templates/gcc/startup_samv71.o
                0x00400000                exception_table
 *(.text .text.* .gnu.linkonce.t.*)
 .text          0x00400140       0x6c d:/program files/atmel/studio/7.0/toolchain/arm/arm-gnu-toolchain/bin/../lib/gcc/arm-none-eabi/6.2.1/thumb/v7e-m/crtbegin.o
 .text.sysclk_init
                0x004001ac       0x70 src/ASF/common/services/clock/samv71/sysclk.o
                0x004001ac                sysclk_init
 .text._read    0x0040021c       0x3c src/ASF/common/utils/stdio/read.o
                0x0040021c                _read
 .text._write   0x00400258       0x50 src/ASF/common/utils/stdio/write.o
                0x00400258                _write
 .text.board_init
                0x004002a8      0x1a4 src/ASF/sam/boards/samv71_xplained_ultra/init.o
                0x004002a8                board_init
 .text.pio_get_interrupt_status
                0x0040044c        0x4 src/ASF/sam/drivers/pio/pio.o
                0x0040044c                pio_get_interrupt_status
 .text.pio_get_interrupt_mask
                0x00400450        0x4 src/ASF/sam/drivers/pio/pio.o
                0x00400450                pio_get_interrupt_mask
 .text.pio_handler_process
                0x00400454       0x50 src/ASF/sam/drivers/pio/pio_handler.o
                0x00400454                pio_handler_process
 .text.PIOA_Handler
                0x004004a4       0x14 src/ASF/sam/drivers/pio/pio_handler.o
                0x004004a4                PIOA_Handler
 .text.PIOB_Handler
                0x004004b8       0x14 src/ASF/sam/drivers/pio/pio_handler.o
                0x004004b8                PIOB_Handler
 .text.PIOC_Handler
                0x004004cc       0x14 src/ASF/sam/drivers/pio/pio_handler.o
                0x004004cc                PIOC_Handler
 .text.PIOD_Handler
                0x004004e0       0x14 src/ASF/sam/drivers/pio/pio_handler.o
                0x004004e0                PIOD_Handler
 .text.PIOE_Handler
                0x004004f4       0x14 src/ASF/sam/drivers/pio/pio_handler.o
                0x004004f4                PIOE_Handler
 .text.pmc_mck_set_division
                0x00400508       0x38 src/ASF/sam/drivers/pmc/pmc.o
                0x00400508                pmc_mck_set_division
 .text.pmc_switch_mck_to_pllack
                0x00400540       0x64 src/ASF/sam/drivers/pmc/pmc.o
                0x00400540                pmc_switch_mck_to_pllack
 .text.pmc_switch_mainck_to_xtal
                0x004005a4       0x54 src/ASF/sam/drivers/pmc/pmc.o
                0x004005a4                pmc_switch_mainck_to_xtal
 .text.pmc_osc_is_ready_mainck
                0x004005f8       0x10 src/ASF/sam/drivers/pmc/pmc.o
                0x004005f8                pmc_osc_is_ready_mainck
 .text.pmc_disable_pllack
                0x00400608       0x10 src/ASF/sam/drivers/pmc/pmc.o
                0x00400608                pmc_disable_pllack
 .text.pmc_is_locked_pllack
                0x00400618       0x10 src/ASF/sam/drivers/pmc/pmc.o
                0x00400618                pmc_is_locked_pllack
 .text.pmc_enable_periph_clk
                0x00400628       0x54 src/ASF/sam/drivers/pmc/pmc.o
                0x00400628                pmc_enable_periph_clk
 .text.uart_write
                0x0040067c       0x12 src/ASF/sam/drivers/uart/uart.o
                0x0040067c                uart_write
 .text.uart_read
                0x0040068e       0x14 src/ASF/sam/drivers/uart/uart.o
                0x0040068e                uart_read
 .text.usart_set_async_baudrate
                0x004006a2       0x5a src/ASF/sam/drivers/usart/usart.o
                0x004006a2                usart_set_async_baudrate
 .text.usart_reset
                0x004006fc       0x28 src/ASF/sam/drivers/usart/usart.o
                0x004006fc                usart_reset
 .text.usart_init_rs232
                0x00400724       0x54 src/ASF/sam/drivers/usart/usart.o
                0x00400724                usart_init_rs232
 .text.usart_enable_tx
                0x00400778        0x6 src/ASF/sam/drivers/usart/usart.o
                0x00400778                usart_enable_tx
 .text.usart_enable_rx
                0x0040077e        0x6 src/ASF/sam/drivers/usart/usart.o
                0x0040077e                usart_enable_rx
 .text.usart_write
                0x00400784       0x16 src/ASF/sam/drivers/usart/usart.o
                0x00400784                usart_write
 .text.usart_read
                0x0040079a       0x18 src/ASF/sam/drivers/usart/usart.o
                0x0040079a                usart_read
 .text.Dummy_Handler
                0x004007b2        0x2 src/ASF/sam/utils/cmsis/samv71/source/templates/gcc/startup_samv71.o
                0x004007b2                DACC_Handler
                0x004007b2                DebugMon_Handler
                0x004007b2                UART3_Handler
                0x004007b2                UART2_Handler
                0x004007b2                TRNG_Handler
                0x004007b2                HardFault_Handler
                0x004007b2                TC2_Handler
                0x004007b2                AFEC1_Handler
                0x004007b2                NMI_Handler
                0x004007b2                TC7_Handler
                0x004007b2                QSPI_Handler
                0x004007b2                ISI_Handler
                0x004007b2                TC9_Handler
                0x004007b2                RSWDT_Handler
                0x004007b2                MCAN1_Handler
                0x004007b2                USART0_Handler
                0x004007b2                RTT_Handler
                0x004007b2                USBHS_Handler
                0x004007b2                RTC_Handler
                0x004007b2                UsageFault_Handler
                0x004007b2                TC6_Handler
                0x004007b2                WDT_Handler
                0x004007b2                TC4_Handler
                0x004007b2                TC1_Handler
                0x004007b2                HSMCI_Handler
                0x004007b2                UART1_Handler
                0x004007b2                TC3_Handler
                0x004007b2                Dummy_Handler
                0x004007b2                TWIHS1_Handler
                0x004007b2                XDMAC_Handler
                0x004007b2                UART4_Handler
                0x004007b2                PWM1_Handler
                0x004007b2                USART1_Handler
                0x004007b2                PWM0_Handler
                0x004007b2                AFEC0_Handler
                0x004007b2                SSC_Handler
                0x004007b2                TC11_Handler
                0x004007b2                ACC_Handler
                0x004007b2                PMC_Handler
                0x004007b2                GMAC_Handler
                0x004007b2                MemManage_Handler
                0x004007b2                SUPC_Handler
                0x004007b2                TC8_Handler
                0x004007b2                EFC_Handler
                0x004007b2                USART2_Handler
                0x004007b2                SDRAMC_Handler
                0x004007b2                SPI1_Handler
                0x004007b2                MCAN0_Handler
                0x004007b2                TC10_Handler
                0x004007b2                TWIHS2_Handler
                0x004007b2                MLB_Handler
                0x004007b2                UART0_Handler
                0x004007b2                BusFault_Handler
                0x004007b2                RSTC_Handler
                0x004007b2                TC0_Handler
                0x004007b2                TC5_Handler
                0x004007b2                ICM_Handler
                0x004007b2                AES_Handler
                0x004007b2                TWIHS0_Handler
                0x004007b2                SPI0_Handler
 .text.Reset_Handler
                0x004007b4       0xc8 src/ASF/sam/utils/cmsis/samv71/source/templates/gcc/startup_samv71.o
                0x004007b4                Reset_Handler
 .text.SystemCoreClockUpdate
                0x0040087c      0x10c src/ASF/sam/utils/cmsis/samv71/source/templates/system_samv71.o
                0x0040087c                SystemCoreClockUpdate
 .text.system_init_flash
                0x00400988       0x8c src/ASF/sam/utils/cmsis/samv71/source/templates/system_samv71.o
                0x00400988                system_init_flash
 .text._sbrk    0x00400a14       0x38 src/ASF/sam/utils/syscalls/gcc/syscalls.o
                0x00400a14                _sbrk
 .text._close   0x00400a4c        0x6 src/ASF/sam/utils/syscalls/gcc/syscalls.o
                0x00400a4c                _close
 .text._fstat   0x00400a52        0xa src/ASF/sam/utils/syscalls/gcc/syscalls.o
                0x00400a52                _fstat
 .text._isatty  0x00400a5c        0x4 src/ASF/sam/utils/syscalls/gcc/syscalls.o
                0x00400a5c                _isatty
 .text._lseek   0x00400a60        0x4 src/ASF/sam/utils/syscalls/gcc/syscalls.o
                0x00400a60                _lseek
 .text.vListInitialise
                0x00400a64       0x16 src/ASF/thirdparty/freertos/freertos-8.2.3/Source/list.o
                0x00400a64                vListInitialise
 .text.vListInitialiseItem
                0x00400a7a        0x6 src/ASF/thirdparty/freertos/freertos-8.2.3/Source/list.o
                0x00400a7a                vListInitialiseItem
 .text.vListInsertEnd
                0x00400a80       0x18 src/ASF/thirdparty/freertos/freertos-8.2.3/Source/list.o
                0x00400a80                vListInsertEnd
 .text.vListInsert
                0x00400a98       0x34 src/ASF/thirdparty/freertos/freertos-8.2.3/Source/list.o
                0x00400a98                vListInsert
 .text.uxListRemove
                0x00400acc       0x26 src/ASF/thirdparty/freertos/freertos-8.2.3/Source/list.o
                0x00400acc                uxListRemove
 *fill*         0x00400af2        0x2 
 .text.prvTaskExitError
                0x00400af4       0x3c src/ASF/thirdparty/freertos/freertos-8.2.3/Source/portable/GCC/ARM_CM7/r0p1/port.o
 .text.prvPortStartFirstTask
                0x00400b30       0x20 src/ASF/thirdparty/freertos/freertos-8.2.3/Source/portable/GCC/ARM_CM7/r0p1/port.o
 .text.vPortEnableVFP
                0x00400b50       0x14 src/ASF/thirdparty/freertos/freertos-8.2.3/Source/portable/GCC/ARM_CM7/r0p1/port.o
 .text.pxPortInitialiseStack
                0x00400b64       0x28 src/ASF/thirdparty/freertos/freertos-8.2.3/Source/portable/GCC/ARM_CM7/r0p1/port.o
                0x00400b64                pxPortInitialiseStack
 .text.SVC_Handler
                0x00400b8c       0x24 src/ASF/thirdparty/freertos/freertos-8.2.3/Source/portable/GCC/ARM_CM7/r0p1/port.o
                0x00400b8c                SVC_Handler
 .text.vPortEnterCritical
                0x00400bb0       0x4c src/ASF/thirdparty/freertos/freertos-8.2.3/Source/portable/GCC/ARM_CM7/r0p1/port.o
                0x00400bb0                vPortEnterCritical
 .text.vPortExitCritical
                0x00400bfc       0x30 src/ASF/thirdparty/freertos/freertos-8.2.3/Source/portable/GCC/ARM_CM7/r0p1/port.o
                0x00400bfc                vPortExitCritical
 .text.PendSV_Handler
                0x00400c2c       0x68 src/ASF/thirdparty/freertos/freertos-8.2.3/Source/portable/GCC/ARM_CM7/r0p1/port.o
                0x00400c2c                PendSV_Handler
 .text.SysTick_Handler
                0x00400c94       0x38 src/ASF/thirdparty/freertos/freertos-8.2.3/Source/portable/GCC/ARM_CM7/r0p1/port.o
                0x00400c94                SysTick_Handler
 .text.vPortSetupTimerInterrupt
                0x00400ccc       0x18 src/ASF/thirdparty/freertos/freertos-8.2.3/Source/portable/GCC/ARM_CM7/r0p1/port.o
                0x00400ccc                vPortSetupTimerInterrupt
 .text.xPortStartScheduler
                0x00400ce4       0xc4 src/ASF/thirdparty/freertos/freertos-8.2.3/Source/portable/GCC/ARM_CM7/r0p1/port.o
                0x00400ce4                xPortStartScheduler
 .text.vPortValidateInterruptPriority
                0x00400da8       0x64 src/ASF/thirdparty/freertos/freertos-8.2.3/Source/portable/GCC/ARM_CM7/r0p1/port.o
                0x00400da8                vPortValidateInterruptPriority
 .text.pvPortMalloc
                0x00400e0c       0x30 src/ASF/thirdparty/freertos/freertos-8.2.3/Source/portable/MemMang/heap_3.o
                0x00400e0c                pvPortMalloc
 .text.vPortFree
                0x00400e3c       0x24 src/ASF/thirdparty/freertos/freertos-8.2.3/Source/portable/MemMang/heap_3.o
                0x00400e3c                vPortFree
 .text.prvCopyDataToQueue
                0x00400e60       0x88 src/ASF/thirdparty/freertos/freertos-8.2.3/Source/queue.o
 .text.prvNotifyQueueSetContainer
                0x00400ee8       0x88 src/ASF/thirdparty/freertos/freertos-8.2.3/Source/queue.o
 .text.prvCopyDataFromQueue
                0x00400f70       0x28 src/ASF/thirdparty/freertos/freertos-8.2.3/Source/queue.o
 .text.prvUnlockQueue
                0x00400f98       0xa4 src/ASF/thirdparty/freertos/freertos-8.2.3/Source/queue.o
 .text.xQueueGenericReset
                0x0040103c       0x94 src/ASF/thirdparty/freertos/freertos-8.2.3/Source/queue.o
                0x0040103c                xQueueGenericReset
 .text.xQueueGenericCreate
                0x004010d0       0x7c src/ASF/thirdparty/freertos/freertos-8.2.3/Source/queue.o
                0x004010d0                xQueueGenericCreate
 .text.xQueueGenericSend
                0x0040114c      0x1e4 src/ASF/thirdparty/freertos/freertos-8.2.3/Source/queue.o
                0x0040114c                xQueueGenericSend
 .text.xQueueGenericSendFromISR
                0x00401330      0x100 src/ASF/thirdparty/freertos/freertos-8.2.3/Source/queue.o
                0x00401330                xQueueGenericSendFromISR
 .text.xQueueGenericReceive
                0x00401430      0x1d0 src/ASF/thirdparty/freertos/freertos-8.2.3/Source/queue.o
                0x00401430                xQueueGenericReceive
 .text.vQueueAddToRegistry
                0x00401600       0x34 src/ASF/thirdparty/freertos/freertos-8.2.3/Source/queue.o
                0x00401600                vQueueAddToRegistry
 .text.vQueueWaitForMessageRestricted
                0x00401634       0x58 src/ASF/thirdparty/freertos/freertos-8.2.3/Source/queue.o
                0x00401634                vQueueWaitForMessageRestricted
 .text.prvListTaskWithinSingleList
                0x0040168c       0xb2 src/ASF/thirdparty/freertos/freertos-8.2.3/Source/tasks.o
 *fill*         0x0040173e        0x2 
 .text.prvResetNextTaskUnblockTime
                0x00401740       0x2c src/ASF/thirdparty/freertos/freertos-8.2.3/Source/tasks.o
 .text.prvAddCurrentTaskToDelayedList
                0x0040176c       0x58 src/ASF/thirdparty/freertos/freertos-8.2.3/Source/tasks.o
 .text.xTaskGenericCreate
                0x004017c4      0x234 src/ASF/thirdparty/freertos/freertos-8.2.3/Source/tasks.o
                0x004017c4                xTaskGenericCreate
 .text.vTaskStartScheduler
                0x004019f8       0x8c src/ASF/thirdparty/freertos/freertos-8.2.3/Source/tasks.o
                0x004019f8                vTaskStartScheduler
 .text.vTaskSuspendAll
                0x00401a84       0x10 src/ASF/thirdparty/freertos/freertos-8.2.3/Source/tasks.o
                0x00401a84                vTaskSuspendAll
 .text.xTaskGetTickCount
                0x00401a94        0xc src/ASF/thirdparty/freertos/freertos-8.2.3/Source/tasks.o
                0x00401a94                xTaskGetTickCount
 .text.uxTaskGetNumberOfTasks
                0x00401aa0        0xc src/ASF/thirdparty/freertos/freertos-8.2.3/Source/tasks.o
                0x00401aa0                uxTaskGetNumberOfTasks
 .text.xTaskIncrementTick
                0x00401aac      0x14c src/ASF/thirdparty/freertos/freertos-8.2.3/Source/tasks.o
                0x00401aac                xTaskIncrementTick
 .text.xTaskResumeAll
                0x00401bf8      0x120 src/ASF/thirdparty/freertos/freertos-8.2.3/Source/tasks.o
                0x00401bf8                xTaskResumeAll
 .text.vTaskDelay
                0x00401d18       0x90 src/ASF/thirdparty/freertos/freertos-8.2.3/Source/tasks.o
                0x00401d18                vTaskDelay
 .text.prvIdleTask
                0x00401da8       0x98 src/ASF/thirdparty/freertos/freertos-8.2.3/Source/tasks.o
 .text.uxTaskGetSystemState
                0x00401e40       0xac src/ASF/thirdparty/freertos/freertos-8.2.3/Source/tasks.o
                0x00401e40                uxTaskGetSystemState
 .text.vTaskSwitchContext
                0x00401eec       0xd0 src/ASF/thirdparty/freertos/freertos-8.2.3/Source/tasks.o
                0x00401eec                vTaskSwitchContext
 .text.vTaskPlaceOnEventList
                0x00401fbc       0x84 src/ASF/thirdparty/freertos/freertos-8.2.3/Source/tasks.o
                0x00401fbc                vTaskPlaceOnEventList
 .text.vTaskPlaceOnEventListRestricted
                0x00402040       0x80 src/ASF/thirdparty/freertos/freertos-8.2.3/Source/tasks.o
                0x00402040                vTaskPlaceOnEventListRestricted
 .text.xTaskRemoveFromEventList
                0x004020c0       0x98 src/ASF/thirdparty/freertos/freertos-8.2.3/Source/tasks.o
                0x004020c0                xTaskRemoveFromEventList
 .text.vTaskSetTimeOutState
                0x00402158       0x30 src/ASF/thirdparty/freertos/freertos-8.2.3/Source/tasks.o
                0x00402158                vTaskSetTimeOutState
 .text.xTaskCheckForTimeOut
                0x00402188       0x94 src/ASF/thirdparty/freertos/freertos-8.2.3/Source/tasks.o
                0x00402188                xTaskCheckForTimeOut
 .text.vTaskMissedYield
                0x0040221c        0xc src/ASF/thirdparty/freertos/freertos-8.2.3/Source/tasks.o
                0x0040221c                vTaskMissedYield
 .text.xTaskGetSchedulerState
                0x00402228       0x20 src/ASF/thirdparty/freertos/freertos-8.2.3/Source/tasks.o
                0x00402228                xTaskGetSchedulerState
 .text.vTaskPriorityInherit
                0x00402248       0xa4 src/ASF/thirdparty/freertos/freertos-8.2.3/Source/tasks.o
                0x00402248                vTaskPriorityInherit
 .text.xTaskPriorityDisinherit
                0x004022ec       0xbc src/ASF/thirdparty/freertos/freertos-8.2.3/Source/tasks.o
                0x004022ec                xTaskPriorityDisinherit
 .text.vTaskList
                0x004023a8      0x110 src/ASF/thirdparty/freertos/freertos-8.2.3/Source/tasks.o
                0x004023a8                vTaskList
 .text.pvTaskIncrementMutexHeldCount
                0x004024b8       0x1c src/ASF/thirdparty/freertos/freertos-8.2.3/Source/tasks.o
                0x004024b8                pvTaskIncrementMutexHeldCount
 .text.prvInsertTimerInActiveList
                0x004024d4       0x4c src/ASF/thirdparty/freertos/freertos-8.2.3/Source/timers.o
 .text.prvCheckForValidListAndQueue
                0x00402520       0x84 src/ASF/thirdparty/freertos/freertos-8.2.3/Source/timers.o
 .text.xTimerCreateTimerTask
                0x004025a4       0x58 src/ASF/thirdparty/freertos/freertos-8.2.3/Source/timers.o
                0x004025a4                xTimerCreateTimerTask
 .text.xTimerGenericCommand
                0x004025fc       0x70 src/ASF/thirdparty/freertos/freertos-8.2.3/Source/timers.o
                0x004025fc                xTimerGenericCommand
 .text.prvSampleTimeNow
                0x0040266c       0xb8 src/ASF/thirdparty/freertos/freertos-8.2.3/Source/timers.o
 .text.prvTimerTask
                0x00402724      0x210 src/ASF/thirdparty/freertos/freertos-8.2.3/Source/timers.o
 .text.task_led
                0x00402934       0x28 src/main.o
 .text.task_monitor
                0x0040295c       0x40 src/main.o
 .text.usart_serial_getchar
                0x0040299c       0xdc src/main.o
 .text.usart_serial_putchar
                0x00402a78       0xd4 src/main.o
 .text.vApplicationStackOverflowHook
                0x00402b4c       0x18 src/main.o
                0x00402b4c                vApplicationStackOverflowHook
 .text.vApplicationTickHook
                0x00402b64        0x2 src/main.o
                0x00402b64                vApplicationTickHook
 .text.vApplicationMallocFailedHook
                0x00402b66       0x16 src/main.o
                0x00402b66                vApplicationMallocFailedHook
 .text.main     0x00402b7c      0x140 src/main.o
                0x00402b7c                main
 .text.__libc_init_array
                0x00402cbc       0x50 d:/program files/atmel/studio/7.0/toolchain/arm/arm-gnu-toolchain/bin/../lib/gcc/arm-none-eabi/6.2.1/../../../../arm-none-eabi/lib/thumb/v7e-m\libc.a(lib_a-init.o)
                0x00402cbc                __libc_init_array
 .text.iprintf  0x00402d0c       0x28 d:/program files/atmel/studio/7.0/toolchain/arm/arm-gnu-toolchain/bin/../lib/gcc/arm-none-eabi/6.2.1/../../../../arm-none-eabi/lib/thumb/v7e-m\libc.a(lib_a-iprintf.o)
                0x00402d0c                iprintf
 .text.malloc   0x00402d34       0x10 d:/program files/atmel/studio/7.0/toolchain/arm/arm-gnu-toolchain/bin/../lib/gcc/arm-none-eabi/6.2.1/../../../../arm-none-eabi/lib/thumb/v7e-m\libc.a(lib_a-malloc.o)
                0x00402d34                malloc
 .text.free     0x00402d44       0x10 d:/program files/atmel/studio/7.0/toolchain/arm/arm-gnu-toolchain/bin/../lib/gcc/arm-none-eabi/6.2.1/../../../../arm-none-eabi/lib/thumb/v7e-m\libc.a(lib_a-malloc.o)
                0x00402d44                free
 .text._malloc_r
                0x00402d54      0x560 d:/program files/atmel/studio/7.0/toolchain/arm/arm-gnu-toolchain/bin/../lib/gcc/arm-none-eabi/6.2.1/../../../../arm-none-eabi/lib/thumb/v7e-m\libc.a(lib_a-mallocr.o)
                0x00402d54                _malloc_r
 .text          0x004032b4      0x134 d:/program files/atmel/studio/7.0/toolchain/arm/arm-gnu-toolchain/bin/../lib/gcc/arm-none-eabi/6.2.1/../../../../arm-none-eabi/lib/thumb/v7e-m\libc.a(lib_a-memcpy.o)
                0x004032b4                memcpy
 .text.memset   0x004033e8       0x9c d:/program files/atmel/studio/7.0/toolchain/arm/arm-gnu-toolchain/bin/../lib/gcc/arm-none-eabi/6.2.1/../../../../arm-none-eabi/lib/thumb/v7e-m\libc.a(lib_a-memset.o)
                0x004033e8                memset
 .text.__malloc_lock
                0x00403484        0x4 d:/program files/atmel/studio/7.0/toolchain/arm/arm-gnu-toolchain/bin/../lib/gcc/arm-none-eabi/6.2.1/../../../../arm-none-eabi/lib/thumb/v7e-m\libc.a(lib_a-mlock.o)
                0x00403484                __malloc_lock
 .text.__malloc_unlock
                0x00403488        0x4 d:/program files/atmel/studio/7.0/toolchain/arm/arm-gnu-toolchain/bin/../lib/gcc/arm-none-eabi/6.2.1/../../../../arm-none-eabi/lib/thumb/v7e-m\libc.a(lib_a-mlock.o)
                0x00403488                __malloc_unlock
 .text._sbrk_r  0x0040348c       0x24 d:/program files/atmel/studio/7.0/toolchain/arm/arm-gnu-toolchain/bin/../lib/gcc/arm-none-eabi/6.2.1/../../../../arm-none-eabi/lib/thumb/v7e-m\libc.a(lib_a-sbrkr.o)
                0x0040348c                _sbrk_r
 .text.setbuf   0x004034b0       0x10 d:/program files/atmel/studio/7.0/toolchain/arm/arm-gnu-toolchain/bin/../lib/gcc/arm-none-eabi/6.2.1/../../../../arm-none-eabi/lib/thumb/v7e-m\libc.a(lib_a-setbuf.o)
                0x004034b0                setbuf
 .text.setvbuf  0x004034c0      0x14c d:/program files/atmel/studio/7.0/toolchain/arm/arm-gnu-toolchain/bin/../lib/gcc/arm-none-eabi/6.2.1/../../../../arm-none-eabi/lib/thumb/v7e-m\libc.a(lib_a-setvbuf.o)
                0x004034c0                setvbuf
 .text.sprintf  0x0040360c       0x4c d:/program files/atmel/studio/7.0/toolchain/arm/arm-gnu-toolchain/bin/../lib/gcc/arm-none-eabi/6.2.1/../../../../arm-none-eabi/lib/thumb/v7e-m\libc.a(lib_a-sprintf.o)
                0x0040360c                sprintf
 .text.strcpy   0x00403658       0xbc d:/program files/atmel/studio/7.0/toolchain/arm/arm-gnu-toolchain/bin/../lib/gcc/arm-none-eabi/6.2.1/../../../../arm-none-eabi/lib/thumb/v7e-m\libc.a(lib_a-strcpy.o)
                0x00403658                strcpy
 *fill*         0x00403714       0x2c 
 .text          0x00403740       0xdc d:/program files/atmel/studio/7.0/toolchain/arm/arm-gnu-toolchain/bin/../lib/gcc/arm-none-eabi/6.2.1/../../../../arm-none-eabi/lib/thumb/v7e-m\libc.a(lib_a-strlen.o)
                0x00403740                strlen
 .text._svfprintf_r
                0x0040381c     0x144c d:/program files/atmel/studio/7.0/toolchain/arm/arm-gnu-toolchain/bin/../lib/gcc/arm-none-eabi/6.2.1/../../../../arm-none-eabi/lib/thumb/v7e-m\libc.a(lib_a-svfprintf.o)
                0x0040381c                _svfprintf_r
 .text.__sprint_r.part.0
                0x00404c68       0x80 d:/program files/atmel/studio/7.0/toolchain/arm/arm-gnu-toolchain/bin/../lib/gcc/arm-none-eabi/6.2.1/../../../../arm-none-eabi/lib/thumb/v7e-m\libc.a(lib_a-vfiprintf.o)
 .text._vfiprintf_r
                0x00404ce8      0xc00 d:/program files/atmel/studio/7.0/toolchain/arm/arm-gnu-toolchain/bin/../lib/gcc/arm-none-eabi/6.2.1/../../../../arm-none-eabi/lib/thumb/v7e-m\libc.a(lib_a-vfiprintf.o)
                0x00404ce8                _vfiprintf_r
 .text.__sbprintf
                0x004058e8       0x6c d:/program files/atmel/studio/7.0/toolchain/arm/arm-gnu-toolchain/bin/../lib/gcc/arm-none-eabi/6.2.1/../../../../arm-none-eabi/lib/thumb/v7e-m\libc.a(lib_a-vfiprintf.o)
 .text.__swsetup_r
                0x00405954       0xc8 d:/program files/atmel/studio/7.0/toolchain/arm/arm-gnu-toolchain/bin/../lib/gcc/arm-none-eabi/6.2.1/../../../../arm-none-eabi/lib/thumb/v7e-m\libc.a(lib_a-wsetup.o)
                0x00405954                __swsetup_r
 .text.startup.register_fini
                0x00405a1c       0x14 d:/program files/atmel/studio/7.0/toolchain/arm/arm-gnu-toolchain/bin/../lib/gcc/arm-none-eabi/6.2.1/../../../../arm-none-eabi/lib/thumb/v7e-m\libc.a(lib_a-__call_atexit.o)
 .text.atexit   0x00405a30        0xc d:/program files/atmel/studio/7.0/toolchain/arm/arm-gnu-toolchain/bin/../lib/gcc/arm-none-eabi/6.2.1/../../../../arm-none-eabi/lib/thumb/v7e-m\libc.a(lib_a-atexit.o)
                0x00405a30                atexit
 .text.quorem   0x00405a3c      0x128 d:/program files/atmel/studio/7.0/toolchain/arm/arm-gnu-toolchain/bin/../lib/gcc/arm-none-eabi/6.2.1/../../../../arm-none-eabi/lib/thumb/v7e-m\libc.a(lib_a-dtoa.o)
 *fill*         0x00405b64        0x4 
 .text._dtoa_r  0x00405b68      0xe54 d:/program files/atmel/studio/7.0/toolchain/arm/arm-gnu-toolchain/bin/../lib/gcc/arm-none-eabi/6.2.1/../../../../arm-none-eabi/lib/thumb/v7e-m\libc.a(lib_a-dtoa.o)
                0x00405b68                _dtoa_r
 .text.__sflush_r
                0x004069bc      0x140 d:/program files/atmel/studio/7.0/toolchain/arm/arm-gnu-toolchain/bin/../lib/gcc/arm-none-eabi/6.2.1/../../../../arm-none-eabi/lib/thumb/v7e-m\libc.a(lib_a-fflush.o)
                0x004069bc                __sflush_r
 .text._fflush_r
                0x00406afc       0x2c d:/program files/atmel/studio/7.0/toolchain/arm/arm-gnu-toolchain/bin/../lib/gcc/arm-none-eabi/6.2.1/../../../../arm-none-eabi/lib/thumb/v7e-m\libc.a(lib_a-fflush.o)
                0x00406afc                _fflush_r
 .text._cleanup_r
                0x00406b28        0xc d:/program files/atmel/studio/7.0/toolchain/arm/arm-gnu-toolchain/bin/../lib/gcc/arm-none-eabi/6.2.1/../../../../arm-none-eabi/lib/thumb/v7e-m\libc.a(lib_a-findfp.o)
                0x00406b28                _cleanup_r
 .text.__sinit.part.1
                0x00406b34       0xf0 d:/program files/atmel/studio/7.0/toolchain/arm/arm-gnu-toolchain/bin/../lib/gcc/arm-none-eabi/6.2.1/../../../../arm-none-eabi/lib/thumb/v7e-m\libc.a(lib_a-findfp.o)
 .text.__sinit  0x00406c24        0xc d:/program files/atmel/studio/7.0/toolchain/arm/arm-gnu-toolchain/bin/../lib/gcc/arm-none-eabi/6.2.1/../../../../arm-none-eabi/lib/thumb/v7e-m\libc.a(lib_a-findfp.o)
                0x00406c24                __sinit
 .text.__sfp_lock_acquire
                0x00406c30        0x4 d:/program files/atmel/studio/7.0/toolchain/arm/arm-gnu-toolchain/bin/../lib/gcc/arm-none-eabi/6.2.1/../../../../arm-none-eabi/lib/thumb/v7e-m\libc.a(lib_a-findfp.o)
                0x00406c30                __sfp_lock_acquire
 .text.__sfp_lock_release
                0x00406c34        0x4 d:/program files/atmel/studio/7.0/toolchain/arm/arm-gnu-toolchain/bin/../lib/gcc/arm-none-eabi/6.2.1/../../../../arm-none-eabi/lib/thumb/v7e-m\libc.a(lib_a-findfp.o)
                0x00406c34                __sfp_lock_release
 .text.__libc_fini_array
                0x00406c38       0x34 d:/program files/atmel/studio/7.0/toolchain/arm/arm-gnu-toolchain/bin/../lib/gcc/arm-none-eabi/6.2.1/../../../../arm-none-eabi/lib/thumb/v7e-m\libc.a(lib_a-fini.o)
                0x00406c38                __libc_fini_array
 .text.__fputwc
                0x00406c6c       0xa0 d:/program files/atmel/studio/7.0/toolchain/arm/arm-gnu-toolchain/bin/../lib/gcc/arm-none-eabi/6.2.1/../../../../arm-none-eabi/lib/thumb/v7e-m\libc.a(lib_a-fputwc.o)
                0x00406c6c                __fputwc
 .text._fputwc_r
                0x00406d0c       0x24 d:/program files/atmel/studio/7.0/toolchain/arm/arm-gnu-toolchain/bin/../lib/gcc/arm-none-eabi/6.2.1/../../../../arm-none-eabi/lib/thumb/v7e-m\libc.a(lib_a-fputwc.o)
                0x00406d0c                _fputwc_r
 .text._malloc_trim_r
                0x00406d30       0xa0 d:/program files/atmel/studio/7.0/toolchain/arm/arm-gnu-toolchain/bin/../lib/gcc/arm-none-eabi/6.2.1/../../../../arm-none-eabi/lib/thumb/v7e-m\libc.a(lib_a-freer.o)
                0x00406d30                _malloc_trim_r
 .text._free_r  0x00406dd0      0x1cc d:/program files/atmel/studio/7.0/toolchain/arm/arm-gnu-toolchain/bin/../lib/gcc/arm-none-eabi/6.2.1/../../../../arm-none-eabi/lib/thumb/v7e-m\libc.a(lib_a-freer.o)
                0x00406dd0                _free_r
 .text.__sfvwrite_r
                0x00406f9c      0x2f0 d:/program files/atmel/studio/7.0/toolchain/arm/arm-gnu-toolchain/bin/../lib/gcc/arm-none-eabi/6.2.1/../../../../arm-none-eabi/lib/thumb/v7e-m\libc.a(lib_a-fvwrite.o)
                0x00406f9c                __sfvwrite_r
 .text._fwalk_reent
                0x0040728c       0x54 d:/program files/atmel/studio/7.0/toolchain/arm/arm-gnu-toolchain/bin/../lib/gcc/arm-none-eabi/6.2.1/../../../../arm-none-eabi/lib/thumb/v7e-m\libc.a(lib_a-fwalk.o)
                0x0040728c                _fwalk_reent
 .text.__locale_mb_cur_max
                0x004072e0       0x1c d:/program files/atmel/studio/7.0/toolchain/arm/arm-gnu-toolchain/bin/../lib/gcc/arm-none-eabi/6.2.1/../../../../arm-none-eabi/lib/thumb/v7e-m\libc.a(lib_a-locale.o)
                0x004072e0                __locale_mb_cur_max
 .text._localeconv_r
                0x004072fc       0x1c d:/program files/atmel/studio/7.0/toolchain/arm/arm-gnu-toolchain/bin/../lib/gcc/arm-none-eabi/6.2.1/../../../../arm-none-eabi/lib/thumb/v7e-m\libc.a(lib_a-localeconv.o)
                0x004072fc                _localeconv_r
 .text.__swhatbuf_r
                0x00407318       0x5c d:/program files/atmel/studio/7.0/toolchain/arm/arm-gnu-toolchain/bin/../lib/gcc/arm-none-eabi/6.2.1/../../../../arm-none-eabi/lib/thumb/v7e-m\libc.a(lib_a-makebuf.o)
                0x00407318                __swhatbuf_r
 .text.__smakebuf_r
                0x00407374       0x88 d:/program files/atmel/studio/7.0/toolchain/arm/arm-gnu-toolchain/bin/../lib/gcc/arm-none-eabi/6.2.1/../../../../arm-none-eabi/lib/thumb/v7e-m\libc.a(lib_a-makebuf.o)
                0x00407374                __smakebuf_r
 .text.__ascii_mbtowc
                0x004073fc       0x2c d:/program files/atmel/studio/7.0/toolchain/arm/arm-gnu-toolchain/bin/../lib/gcc/arm-none-eabi/6.2.1/../../../../arm-none-eabi/lib/thumb/v7e-m\libc.a(lib_a-mbtowc_r.o)
                0x004073fc                __ascii_mbtowc
 *fill*         0x00407428        0x8 
 .text          0x00407430       0xa0 d:/program files/atmel/studio/7.0/toolchain/arm/arm-gnu-toolchain/bin/../lib/gcc/arm-none-eabi/6.2.1/../../../../arm-none-eabi/lib/thumb/v7e-m\libc.a(lib_a-memchr.o)
                0x00407430                memchr
 .text.memmove  0x004074d0       0xc8 d:/program files/atmel/studio/7.0/toolchain/arm/arm-gnu-toolchain/bin/../lib/gcc/arm-none-eabi/6.2.1/../../../../arm-none-eabi/lib/thumb/v7e-m\libc.a(lib_a-memmove.o)
                0x004074d0                memmove
 .text._Balloc  0x00407598       0x4c d:/program files/atmel/studio/7.0/toolchain/arm/arm-gnu-toolchain/bin/../lib/gcc/arm-none-eabi/6.2.1/../../../../arm-none-eabi/lib/thumb/v7e-m\libc.a(lib_a-mprec.o)
                0x00407598                _Balloc
 .text._Bfree   0x004075e4       0x14 d:/program files/atmel/studio/7.0/toolchain/arm/arm-gnu-toolchain/bin/../lib/gcc/arm-none-eabi/6.2.1/../../../../arm-none-eabi/lib/thumb/v7e-m\libc.a(lib_a-mprec.o)
                0x004075e4                _Bfree
 .text.__multadd
                0x004075f8       0x80 d:/program files/atmel/studio/7.0/toolchain/arm/arm-gnu-toolchain/bin/../lib/gcc/arm-none-eabi/6.2.1/../../../../arm-none-eabi/lib/thumb/v7e-m\libc.a(lib_a-mprec.o)
                0x004075f8                __multadd
 .text.__hi0bits
                0x00407678       0x40 d:/program files/atmel/studio/7.0/toolchain/arm/arm-gnu-toolchain/bin/../lib/gcc/arm-none-eabi/6.2.1/../../../../arm-none-eabi/lib/thumb/v7e-m\libc.a(lib_a-mprec.o)
                0x00407678                __hi0bits
 .text.__lo0bits
                0x004076b8       0x60 d:/program files/atmel/studio/7.0/toolchain/arm/arm-gnu-toolchain/bin/../lib/gcc/arm-none-eabi/6.2.1/../../../../arm-none-eabi/lib/thumb/v7e-m\libc.a(lib_a-mprec.o)
                0x004076b8                __lo0bits
 .text.__i2b    0x00407718       0x14 d:/program files/atmel/studio/7.0/toolchain/arm/arm-gnu-toolchain/bin/../lib/gcc/arm-none-eabi/6.2.1/../../../../arm-none-eabi/lib/thumb/v7e-m\libc.a(lib_a-mprec.o)
                0x00407718                __i2b
 .text.__multiply
                0x0040772c      0x124 d:/program files/atmel/studio/7.0/toolchain/arm/arm-gnu-toolchain/bin/../lib/gcc/arm-none-eabi/6.2.1/../../../../arm-none-eabi/lib/thumb/v7e-m\libc.a(lib_a-mprec.o)
                0x0040772c                __multiply
 .text.__pow5mult
                0x00407850       0xa0 d:/program files/atmel/studio/7.0/toolchain/arm/arm-gnu-toolchain/bin/../lib/gcc/arm-none-eabi/6.2.1/../../../../arm-none-eabi/lib/thumb/v7e-m\libc.a(lib_a-mprec.o)
                0x00407850                __pow5mult
 .text.__lshift
                0x004078f0       0xa4 d:/program files/atmel/studio/7.0/toolchain/arm/arm-gnu-toolchain/bin/../lib/gcc/arm-none-eabi/6.2.1/../../../../arm-none-eabi/lib/thumb/v7e-m\libc.a(lib_a-mprec.o)
                0x004078f0                __lshift
 .text.__mcmp   0x00407994       0x38 d:/program files/atmel/studio/7.0/toolchain/arm/arm-gnu-toolchain/bin/../lib/gcc/arm-none-eabi/6.2.1/../../../../arm-none-eabi/lib/thumb/v7e-m\libc.a(lib_a-mprec.o)
                0x00407994                __mcmp
 .text.__mdiff  0x004079cc      0x108 d:/program files/atmel/studio/7.0/toolchain/arm/arm-gnu-toolchain/bin/../lib/gcc/arm-none-eabi/6.2.1/../../../../arm-none-eabi/lib/thumb/v7e-m\libc.a(lib_a-mprec.o)
                0x004079cc                __mdiff
 .text.__d2b    0x00407ad4       0xb8 d:/program files/atmel/studio/7.0/toolchain/arm/arm-gnu-toolchain/bin/../lib/gcc/arm-none-eabi/6.2.1/../../../../arm-none-eabi/lib/thumb/v7e-m\libc.a(lib_a-mprec.o)
                0x00407ad4                __d2b
 .text._realloc_r
                0x00407b8c      0x34c d:/program files/atmel/studio/7.0/toolchain/arm/arm-gnu-toolchain/bin/../lib/gcc/arm-none-eabi/6.2.1/../../../../arm-none-eabi/lib/thumb/v7e-m\libc.a(lib_a-reallocr.o)
                0x00407b8c                _realloc_r
 .text.__sread  0x00407ed8       0x24 d:/program files/atmel/studio/7.0/toolchain/arm/arm-gnu-toolchain/bin/../lib/gcc/arm-none-eabi/6.2.1/../../../../arm-none-eabi/lib/thumb/v7e-m\libc.a(lib_a-stdio.o)
                0x00407ed8                __sread
 .text.__swrite
                0x00407efc       0x3c d:/program files/atmel/studio/7.0/toolchain/arm/arm-gnu-toolchain/bin/../lib/gcc/arm-none-eabi/6.2.1/../../../../arm-none-eabi/lib/thumb/v7e-m\libc.a(lib_a-stdio.o)
                0x00407efc                __swrite
 .text.__sseek  0x00407f38       0x20 d:/program files/atmel/studio/7.0/toolchain/arm/arm-gnu-toolchain/bin/../lib/gcc/arm-none-eabi/6.2.1/../../../../arm-none-eabi/lib/thumb/v7e-m\libc.a(lib_a-stdio.o)
                0x00407f38                __sseek
 .text.__sclose
                0x00407f58        0x8 d:/program files/atmel/studio/7.0/toolchain/arm/arm-gnu-toolchain/bin/../lib/gcc/arm-none-eabi/6.2.1/../../../../arm-none-eabi/lib/thumb/v7e-m\libc.a(lib_a-stdio.o)
                0x00407f58                __sclose
 .text.__ssprint_r
                0x00407f60       0xfc d:/program files/atmel/studio/7.0/toolchain/arm/arm-gnu-toolchain/bin/../lib/gcc/arm-none-eabi/6.2.1/../../../../arm-none-eabi/lib/thumb/v7e-m\libc.a(lib_a-svfiprintf.o)
                0x00407f60                __ssprint_r
 .text.__swbuf_r
                0x0040805c       0xb0 d:/program files/atmel/studio/7.0/toolchain/arm/arm-gnu-toolchain/bin/../lib/gcc/arm-none-eabi/6.2.1/../../../../arm-none-eabi/lib/thumb/v7e-m\libc.a(lib_a-wbuf.o)
                0x0040805c                __swbuf_r
 .text._wcrtomb_r
                0x0040810c       0x54 d:/program files/atmel/studio/7.0/toolchain/arm/arm-gnu-toolchain/bin/../lib/gcc/arm-none-eabi/6.2.1/../../../../arm-none-eabi/lib/thumb/v7e-m\libc.a(lib_a-wcrtomb.o)
                0x0040810c                _wcrtomb_r
 .text.__ascii_wctomb
                0x00408160       0x1c d:/program files/atmel/studio/7.0/toolchain/arm/arm-gnu-toolchain/bin/../lib/gcc/arm-none-eabi/6.2.1/../../../../arm-none-eabi/lib/thumb/v7e-m\libc.a(lib_a-wctomb_r.o)
                0x00408160                __ascii_wctomb
 .text._write_r
                0x0040817c       0x2c d:/program files/atmel/studio/7.0/toolchain/arm/arm-gnu-toolchain/bin/../lib/gcc/arm-none-eabi/6.2.1/../../../../arm-none-eabi/lib/thumb/v7e-m\libc.a(lib_a-writer.o)
                0x0040817c                _write_r
 .text.__register_exitproc
                0x004081a8       0xa4 d:/program files/atmel/studio/7.0/toolchain/arm/arm-gnu-toolchain/bin/../lib/gcc/arm-none-eabi/6.2.1/../../../../arm-none-eabi/lib/thumb/v7e-m\libc.a(lib_a-__atexit.o)
                0x004081a8                __register_exitproc
 .text._calloc_r
                0x0040824c       0x60 d:/program files/atmel/studio/7.0/toolchain/arm/arm-gnu-toolchain/bin/../lib/gcc/arm-none-eabi/6.2.1/../../../../arm-none-eabi/lib/thumb/v7e-m\libc.a(lib_a-callocr.o)
                0x0040824c                _calloc_r
 .text._close_r
                0x004082ac       0x24 d:/program files/atmel/studio/7.0/toolchain/arm/arm-gnu-toolchain/bin/../lib/gcc/arm-none-eabi/6.2.1/../../../../arm-none-eabi/lib/thumb/v7e-m\libc.a(lib_a-closer.o)
                0x004082ac                _close_r
 .text._fclose_r
                0x004082d0       0x80 d:/program files/atmel/studio/7.0/toolchain/arm/arm-gnu-toolchain/bin/../lib/gcc/arm-none-eabi/6.2.1/../../../../arm-none-eabi/lib/thumb/v7e-m\libc.a(lib_a-fclose.o)
                0x004082d0                _fclose_r
 .text._fstat_r
                0x00408350       0x28 d:/program files/atmel/studio/7.0/toolchain/arm/arm-gnu-toolchain/bin/../lib/gcc/arm-none-eabi/6.2.1/../../../../arm-none-eabi/lib/thumb/v7e-m\libc.a(lib_a-fstatr.o)
                0x00408350                _fstat_r
 .text._isatty_r
                0x00408378       0x24 d:/program files/atmel/studio/7.0/toolchain/arm/arm-gnu-toolchain/bin/../lib/gcc/arm-none-eabi/6.2.1/../../../../arm-none-eabi/lib/thumb/v7e-m\libc.a(lib_a-isattyr.o)
                0x00408378                _isatty_r
 .text._lseek_r
                0x0040839c       0x2c d:/program files/atmel/studio/7.0/toolchain/arm/arm-gnu-toolchain/bin/../lib/gcc/arm-none-eabi/6.2.1/../../../../arm-none-eabi/lib/thumb/v7e-m\libc.a(lib_a-lseekr.o)
                0x0040839c                _lseek_r
 .text._read_r  0x004083c8       0x2c d:/program files/atmel/studio/7.0/toolchain/arm/arm-gnu-toolchain/bin/../lib/gcc/arm-none-eabi/6.2.1/../../../../arm-none-eabi/lib/thumb/v7e-m\libc.a(lib_a-readr.o)
                0x004083c8                _read_r
 .text          0x004083f4      0x370 d:/program files/atmel/studio/7.0/toolchain/arm/arm-gnu-toolchain/bin/../lib/gcc/arm-none-eabi/6.2.1/thumb/v7e-m\libgcc.a(_arm_addsubdf3.o)
                0x004083f4                __aeabi_drsub
                0x004083fc                __aeabi_dsub
                0x004083fc                __subdf3
                0x00408400                __aeabi_dadd
                0x00408400                __adddf3
                0x00408678                __floatunsidf
                0x00408678                __aeabi_ui2d
                0x00408698                __floatsidf
                0x00408698                __aeabi_i2d
                0x004086bc                __aeabi_f2d
                0x004086bc                __extendsfdf2
                0x004086f8                __floatundidf
                0x004086f8                __aeabi_ul2d
                0x00408708                __floatdidf
                0x00408708                __aeabi_l2d
 .text          0x00408764      0x424 d:/program files/atmel/studio/7.0/toolchain/arm/arm-gnu-toolchain/bin/../lib/gcc/arm-none-eabi/6.2.1/thumb/v7e-m\libgcc.a(_arm_muldivdf3.o)
                0x00408764                __aeabi_dmul
                0x00408764                __muldf3
                0x004089b8                __divdf3
                0x004089b8                __aeabi_ddiv
 .text          0x00408b88      0x110 d:/program files/atmel/studio/7.0/toolchain/arm/arm-gnu-toolchain/bin/../lib/gcc/arm-none-eabi/6.2.1/thumb/v7e-m\libgcc.a(_arm_cmpdf2.o)
                0x00408b88                __gtdf2
                0x00408b88                __gedf2
                0x00408b90                __ltdf2
                0x00408b90                __ledf2
                0x00408b98                __nedf2
                0x00408b98                __eqdf2
                0x00408b98                __cmpdf2
                0x00408c14                __aeabi_cdrcmple
                0x00408c24                __aeabi_cdcmpeq
                0x00408c24                __aeabi_cdcmple
                0x00408c34                __aeabi_dcmpeq
                0x00408c48                __aeabi_dcmplt
                0x00408c5c                __aeabi_dcmple
                0x00408c70                __aeabi_dcmpge
                0x00408c84                __aeabi_dcmpgt
 .text          0x00408c98       0x2c d:/program files/atmel/studio/7.0/toolchain/arm/arm-gnu-toolchain/bin/../lib/gcc/arm-none-eabi/6.2.1/thumb/v7e-m\libgcc.a(_arm_unorddf2.o)
                0x00408c98                __unorddf2
                0x00408c98                __aeabi_dcmpun
 .text          0x00408cc4       0x50 d:/program files/atmel/studio/7.0/toolchain/arm/arm-gnu-toolchain/bin/../lib/gcc/arm-none-eabi/6.2.1/thumb/v7e-m\libgcc.a(_arm_fixdfsi.o)
                0x00408cc4                __aeabi_d2iz
                0x00408cc4                __fixdfsi
 .text          0x00408d14       0x30 d:/program files/atmel/studio/7.0/toolchain/arm/arm-gnu-toolchain/bin/../lib/gcc/arm-none-eabi/6.2.1/thumb/v7e-m\libgcc.a(_aeabi_uldivmod.o)
                0x00408d14                __aeabi_uldivmod
 .text          0x00408d44      0x2dc d:/program files/atmel/studio/7.0/toolchain/arm/arm-gnu-toolchain/bin/../lib/gcc/arm-none-eabi/6.2.1/thumb/v7e-m\libgcc.a(_udivmoddi4.o)
                0x00408d44                __udivmoddi4
 .text          0x00409020        0x4 d:/program files/atmel/studio/7.0/toolchain/arm/arm-gnu-toolchain/bin/../lib/gcc/arm-none-eabi/6.2.1/thumb/v7e-m\libgcc.a(_dvmd_tls.o)
                0x00409020                __aeabi_idiv0
                0x00409020                __aeabi_ldiv0
 *(.glue_7t)
 .glue_7t       0x00409024        0x0 linker stubs
 *(.glue_7)
 .glue_7        0x00409024        0x0 linker stubs
 *(.rodata .rodata* .gnu.linkonce.r.*)
 .rodata.vTaskList.str1.4
                0x00409024        0xf src/ASF/thirdparty/freertos/freertos-8.2.3/Source/tasks.o
 *fill*         0x00409033        0x1 
 .rodata.vTaskStartScheduler.str1.4
                0x00409034        0x6 src/ASF/thirdparty/freertos/freertos-8.2.3/Source/tasks.o
 *fill*         0x0040903a        0x2 
 .rodata.prvCheckForValidListAndQueue.str1.4
                0x0040903c        0x5 src/ASF/thirdparty/freertos/freertos-8.2.3/Source/timers.o
 *fill*         0x00409041        0x3 
 .rodata.xTimerCreateTimerTask.str1.4
                0x00409044        0x9 src/ASF/thirdparty/freertos/freertos-8.2.3/Source/timers.o
 *fill*         0x0040904d        0x3 
 .rodata.main.str1.4
                0x00409050       0xc1 src/main.o
 *fill*         0x00409111        0x3 
 .rodata.task_monitor.str1.4
                0x00409114       0x1c src/main.o
 .rodata.vApplicationStackOverflowHook.str1.4
                0x00409130       0x17 src/main.o
 *fill*         0x00409147        0x1 
 .rodata._global_impure_ptr
                0x00409148        0x4 d:/program files/atmel/studio/7.0/toolchain/arm/arm-gnu-toolchain/bin/../lib/gcc/arm-none-eabi/6.2.1/../../../../arm-none-eabi/lib/thumb/v7e-m\libc.a(lib_a-impure.o)
                0x00409148                _global_impure_ptr
 .rodata._svfprintf_r.str1.4
                0x0040914c       0x3f d:/program files/atmel/studio/7.0/toolchain/arm/arm-gnu-toolchain/bin/../lib/gcc/arm-none-eabi/6.2.1/../../../../arm-none-eabi/lib/thumb/v7e-m\libc.a(lib_a-svfprintf.o)
                                 0x42 (size before relaxing)
 *fill*         0x0040918b        0x1 
 .rodata.blanks.7208
                0x0040918c       0x10 d:/program files/atmel/studio/7.0/toolchain/arm/arm-gnu-toolchain/bin/../lib/gcc/arm-none-eabi/6.2.1/../../../../arm-none-eabi/lib/thumb/v7e-m\libc.a(lib_a-svfprintf.o)
 .rodata.zeroes.7209
                0x0040919c       0x10 d:/program files/atmel/studio/7.0/toolchain/arm/arm-gnu-toolchain/bin/../lib/gcc/arm-none-eabi/6.2.1/../../../../arm-none-eabi/lib/thumb/v7e-m\libc.a(lib_a-svfprintf.o)
 .rodata._vfiprintf_r.str1.4
                0x004091ac       0x2f d:/program files/atmel/studio/7.0/toolchain/arm/arm-gnu-toolchain/bin/../lib/gcc/arm-none-eabi/6.2.1/../../../../arm-none-eabi/lib/thumb/v7e-m\libc.a(lib_a-vfiprintf.o)
 .rodata.blanks.7202
                0x004091ac       0x10 d:/program files/atmel/studio/7.0/toolchain/arm/arm-gnu-toolchain/bin/../lib/gcc/arm-none-eabi/6.2.1/../../../../arm-none-eabi/lib/thumb/v7e-m\libc.a(lib_a-vfiprintf.o)
 .rodata.zeroes.7203
                0x004091bc       0x10 d:/program files/atmel/studio/7.0/toolchain/arm/arm-gnu-toolchain/bin/../lib/gcc/arm-none-eabi/6.2.1/../../../../arm-none-eabi/lib/thumb/v7e-m\libc.a(lib_a-vfiprintf.o)
 .rodata._dtoa_r.str1.4
                0x004091cc       0x10 d:/program files/atmel/studio/7.0/toolchain/arm/arm-gnu-toolchain/bin/../lib/gcc/arm-none-eabi/6.2.1/../../../../arm-none-eabi/lib/thumb/v7e-m\libc.a(lib_a-dtoa.o)
                                 0x12 (size before relaxing)
 .rodata._setlocale_r.str1.4
                0x004091dc        0xa d:/program files/atmel/studio/7.0/toolchain/arm/arm-gnu-toolchain/bin/../lib/gcc/arm-none-eabi/6.2.1/../../../../arm-none-eabi/lib/thumb/v7e-m\libc.a(lib_a-locale.o)
                                  0xd (size before relaxing)
 *fill*         0x004091e6        0x2 
 .rodata.str1.4
                0x004091e8        0x4 d:/program files/atmel/studio/7.0/toolchain/arm/arm-gnu-toolchain/bin/../lib/gcc/arm-none-eabi/6.2.1/../../../../arm-none-eabi/lib/thumb/v7e-m\libc.a(lib_a-locale.o)
                                  0x2 (size before relaxing)
 *fill*         0x004091ec        0x4 
 .rodata.__mprec_bigtens
                0x004091f0       0x28 d:/program files/atmel/studio/7.0/toolchain/arm/arm-gnu-toolchain/bin/../lib/gcc/arm-none-eabi/6.2.1/../../../../arm-none-eabi/lib/thumb/v7e-m\libc.a(lib_a-mprec.o)
                0x004091f0                __mprec_bigtens
 .rodata.__mprec_tens
                0x00409218       0xc8 d:/program files/atmel/studio/7.0/toolchain/arm/arm-gnu-toolchain/bin/../lib/gcc/arm-none-eabi/6.2.1/../../../../arm-none-eabi/lib/thumb/v7e-m\libc.a(lib_a-mprec.o)
                0x00409218                __mprec_tens
 .rodata.p05.6040
                0x004092e0        0xc d:/program files/atmel/studio/7.0/toolchain/arm/arm-gnu-toolchain/bin/../lib/gcc/arm-none-eabi/6.2.1/../../../../arm-none-eabi/lib/thumb/v7e-m\libc.a(lib_a-mprec.o)
 .rodata._ctype_
                0x004092ec      0x101 d:/program files/atmel/studio/7.0/toolchain/arm/arm-gnu-toolchain/bin/../lib/gcc/arm-none-eabi/6.2.1/../../../../arm-none-eabi/lib/thumb/v7e-m\libc.a(lib_a-ctype_.o)
                0x004092ec                _ctype_
 *(.ARM.extab* .gnu.linkonce.armextab.*)
                0x004093f0                . = ALIGN (0x4)
 *fill*         0x004093ed        0x3 
 *(.init)
 .init          0x004093f0        0x4 d:/program files/atmel/studio/7.0/toolchain/arm/arm-gnu-toolchain/bin/../lib/gcc/arm-none-eabi/6.2.1/thumb/v7e-m/crti.o
                0x004093f0                _init
 .init          0x004093f4        0x8 d:/program files/atmel/studio/7.0/toolchain/arm/arm-gnu-toolchain/bin/../lib/gcc/arm-none-eabi/6.2.1/thumb/v7e-m/crtn.o
                0x004093fc                . = ALIGN (0x4)
                0x004093fc                __preinit_array_start = .
 *(.preinit_array)
                0x004093fc                __preinit_array_end = .
                0x004093fc                . = ALIGN (0x4)
                0x004093fc                __init_array_start = .
 *(SORT(.init_array.*))
 .init_array.00000
                0x004093fc        0x4 d:/program files/atmel/studio/7.0/toolchain/arm/arm-gnu-toolchain/bin/../lib/gcc/arm-none-eabi/6.2.1/../../../../arm-none-eabi/lib/thumb/v7e-m\libc.a(lib_a-__call_atexit.o)
 *(.init_array)
 .init_array    0x00409400        0x4 d:/program files/atmel/studio/7.0/toolchain/arm/arm-gnu-toolchain/bin/../lib/gcc/arm-none-eabi/6.2.1/thumb/v7e-m/crtbegin.o
                0x00409404                __init_array_end = .
                0x00409404                . = ALIGN (0x4)
 *crtbegin.o(.ctors)
 *(EXCLUDE_FILE(*crtend.o) .ctors)
 *(SORT(.ctors.*))
 *crtend.o(.ctors)
                0x00409404                . = ALIGN (0x4)
 *(.fini)
 .fini          0x00409404        0x4 d:/program files/atmel/studio/7.0/toolchain/arm/arm-gnu-toolchain/bin/../lib/gcc/arm-none-eabi/6.2.1/thumb/v7e-m/crti.o
                0x00409404                _fini
 .fini          0x00409408        0x8 d:/program files/atmel/studio/7.0/toolchain/arm/arm-gnu-toolchain/bin/../lib/gcc/arm-none-eabi/6.2.1/thumb/v7e-m/crtn.o
                0x00409410                . = ALIGN (0x4)
                0x00409410                __fini_array_start = .
 *(.fini_array)
 .fini_array    0x00409410        0x4 d:/program files/atmel/studio/7.0/toolchain/arm/arm-gnu-toolchain/bin/../lib/gcc/arm-none-eabi/6.2.1/thumb/v7e-m/crtbegin.o
 *(SORT(.fini_array.*))
                0x00409414                __fini_array_end = .
 *crtbegin.o(.dtors)
 *(EXCLUDE_FILE(*crtend.o) .dtors)
 *(SORT(.dtors.*))
 *crtend.o(.dtors)
                0x00409414                . = ALIGN (0x4)
                0x00409414                _efixed = .
                [!provide]                PROVIDE (__exidx_start, .)

.vfp11_veneer   0x00409414        0x0
 .vfp11_veneer  0x00409414        0x0 linker stubs

.v4_bx          0x00409414        0x0
 .v4_bx         0x00409414        0x0 linker stubs

.iplt           0x00409414        0x0
 .iplt          0x00409414        0x0 d:/program files/atmel/studio/7.0/toolchain/arm/arm-gnu-toolchain/bin/../lib/gcc/arm-none-eabi/6.2.1/thumb/v7e-m/crtbegin.o

.ARM.exidx      0x00409414        0x8
 *(.ARM.exidx* .gnu.linkonce.armexidx.*)
 .ARM.exidx     0x00409414        0x8 d:/program files/atmel/studio/7.0/toolchain/arm/arm-gnu-toolchain/bin/../lib/gcc/arm-none-eabi/6.2.1/thumb/v7e-m\libgcc.a(_udivmoddi4.o)
                [!provide]                PROVIDE (__exidx_end, .)

.eh_frame       0x0040941c        0x0
 .eh_frame      0x0040941c        0x0 d:/program files/atmel/studio/7.0/toolchain/arm/arm-gnu-toolchain/bin/../lib/gcc/arm-none-eabi/6.2.1/thumb/v7e-m/crtbegin.o

.rel.dyn        0x0040941c        0x0
 .rel.iplt      0x0040941c        0x0 d:/program files/atmel/studio/7.0/toolchain/arm/arm-gnu-toolchain/bin/../lib/gcc/arm-none-eabi/6.2.1/thumb/v7e-m/crtbegin.o

.jcr            0x0040941c        0x0
 .jcr           0x0040941c        0x0 d:/program files/atmel/studio/7.0/toolchain/arm/arm-gnu-toolchain/bin/../lib/gcc/arm-none-eabi/6.2.1/thumb/v7e-m/crtbegin.o

.igot.plt       0x0040941c        0x0
 .igot.plt      0x0040941c        0x0 d:/program files/atmel/studio/7.0/toolchain/arm/arm-gnu-toolchain/bin/../lib/gcc/arm-none-eabi/6.2.1/thumb/v7e-m/crtbegin.o
                0x0040941c                . = ALIGN (0x4)
                0x0040941c                _etext = .

.relocate       0x20400000      0x9b4 load address 0x0040941c
                0x20400000                . = ALIGN (0x4)
                0x20400000                _srelocate = .
 *(.ramfunc .ramfunc.*)
 *(.data .data.*)
 .data.g_interrupt_enabled
                0x20400000        0x1 src/ASF/common/utils/interrupt/interrupt_sam_nvic.o
                0x20400000                g_interrupt_enabled
 *fill*         0x20400001        0x3 
 .data.SystemCoreClock
                0x20400004        0x4 src/ASF/sam/utils/cmsis/samv71/source/templates/system_samv71.o
                0x20400004                SystemCoreClock
 .data.uxCriticalNesting
                0x20400008        0x4 src/ASF/thirdparty/freertos/freertos-8.2.3/Source/portable/GCC/ARM_CM7/r0p1/port.o
 .data._impure_ptr
                0x2040000c        0x4 d:/program files/atmel/studio/7.0/toolchain/arm/arm-gnu-toolchain/bin/../lib/gcc/arm-none-eabi/6.2.1/../../../../arm-none-eabi/lib/thumb/v7e-m\libc.a(lib_a-impure.o)
                0x2040000c                _impure_ptr
 .data.impure_data
                0x20400010      0x428 d:/program files/atmel/studio/7.0/toolchain/arm/arm-gnu-toolchain/bin/../lib/gcc/arm-none-eabi/6.2.1/../../../../arm-none-eabi/lib/thumb/v7e-m\libc.a(lib_a-impure.o)
 .data.__malloc_av_
                0x20400438      0x408 d:/program files/atmel/studio/7.0/toolchain/arm/arm-gnu-toolchain/bin/../lib/gcc/arm-none-eabi/6.2.1/../../../../arm-none-eabi/lib/thumb/v7e-m\libc.a(lib_a-mallocr.o)
                0x20400438                __malloc_av_
 .data.__malloc_sbrk_base
                0x20400840        0x4 d:/program files/atmel/studio/7.0/toolchain/arm/arm-gnu-toolchain/bin/../lib/gcc/arm-none-eabi/6.2.1/../../../../arm-none-eabi/lib/thumb/v7e-m\libc.a(lib_a-mallocr.o)
                0x20400840                __malloc_sbrk_base
 .data.__malloc_trim_threshold
                0x20400844        0x4 d:/program files/atmel/studio/7.0/toolchain/arm/arm-gnu-toolchain/bin/../lib/gcc/arm-none-eabi/6.2.1/../../../../arm-none-eabi/lib/thumb/v7e-m\libc.a(lib_a-mallocr.o)
                0x20400844                __malloc_trim_threshold
 .data.__global_locale
                0x20400848      0x16c d:/program files/atmel/studio/7.0/toolchain/arm/arm-gnu-toolchain/bin/../lib/gcc/arm-none-eabi/6.2.1/../../../../arm-none-eabi/lib/thumb/v7e-m\libc.a(lib_a-locale.o)
                0x20400848                __global_locale
                0x204009b4                . = ALIGN (0x4)
                0x204009b4                _erelocate = .

.bss            0x204009b4      0x358 load address 0x00409dd0
                0x204009b4                . = ALIGN (0x4)
                0x204009b4                _sbss = .
                0x204009b4                _szero = .
 *(.bss .bss.*)
 .bss           0x204009b4       0x1c d:/program files/atmel/studio/7.0/toolchain/arm/arm-gnu-toolchain/bin/../lib/gcc/arm-none-eabi/6.2.1/thumb/v7e-m/crtbegin.o
 .bss.gs_interrupt_sources
                0x204009d0       0x70 src/ASF/sam/drivers/pio/pio_handler.o
 .bss.ul_reg_val.9324
                0x20400a40        0x4 src/ASF/sam/drivers/usart/usart.o
 .bss.heap.6400
                0x20400a44        0x4 src/ASF/sam/utils/syscalls/gcc/syscalls.o
 .bss.ucMaxSysCallPriority
                0x20400a48        0x1 src/ASF/thirdparty/freertos/freertos-8.2.3/Source/portable/GCC/ARM_CM7/r0p1/port.o
 *fill*         0x20400a49        0x3 
 .bss.ulMaxPRIGROUPValue
                0x20400a4c        0x4 src/ASF/thirdparty/freertos/freertos-8.2.3/Source/portable/GCC/ARM_CM7/r0p1/port.o
 .bss.pxCurrentTCB
                0x20400a50        0x4 src/ASF/thirdparty/freertos/freertos-8.2.3/Source/tasks.o
                0x20400a50                pxCurrentTCB
 .bss.pxDelayedTaskList
                0x20400a54        0x4 src/ASF/thirdparty/freertos/freertos-8.2.3/Source/tasks.o
 .bss.pxOverflowDelayedTaskList
                0x20400a58        0x4 src/ASF/thirdparty/freertos/freertos-8.2.3/Source/tasks.o
 .bss.pxReadyTasksLists
                0x20400a5c       0x64 src/ASF/thirdparty/freertos/freertos-8.2.3/Source/tasks.o
 .bss.uxCurrentNumberOfTasks
                0x20400ac0        0x4 src/ASF/thirdparty/freertos/freertos-8.2.3/Source/tasks.o
 .bss.uxPendedTicks
                0x20400ac4        0x4 src/ASF/thirdparty/freertos/freertos-8.2.3/Source/tasks.o
 .bss.uxSchedulerSuspended
                0x20400ac8        0x4 src/ASF/thirdparty/freertos/freertos-8.2.3/Source/tasks.o
 .bss.uxTaskNumber
                0x20400acc        0x4 src/ASF/thirdparty/freertos/freertos-8.2.3/Source/tasks.o
 .bss.uxTasksDeleted
                0x20400ad0        0x4 src/ASF/thirdparty/freertos/freertos-8.2.3/Source/tasks.o
 .bss.uxTopReadyPriority
                0x20400ad4        0x4 src/ASF/thirdparty/freertos/freertos-8.2.3/Source/tasks.o
 .bss.xDelayedTaskList1
                0x20400ad8       0x14 src/ASF/thirdparty/freertos/freertos-8.2.3/Source/tasks.o
 .bss.xDelayedTaskList2
                0x20400aec       0x14 src/ASF/thirdparty/freertos/freertos-8.2.3/Source/tasks.o
 .bss.xNextTaskUnblockTime
                0x20400b00        0x4 src/ASF/thirdparty/freertos/freertos-8.2.3/Source/tasks.o
 .bss.xNumOfOverflows
                0x20400b04        0x4 src/ASF/thirdparty/freertos/freertos-8.2.3/Source/tasks.o
 .bss.xPendingReadyList
                0x20400b08       0x14 src/ASF/thirdparty/freertos/freertos-8.2.3/Source/tasks.o
 .bss.xSchedulerRunning
                0x20400b1c        0x4 src/ASF/thirdparty/freertos/freertos-8.2.3/Source/tasks.o
 .bss.xSuspendedTaskList
                0x20400b20       0x14 src/ASF/thirdparty/freertos/freertos-8.2.3/Source/tasks.o
 .bss.xTasksWaitingTermination
                0x20400b34       0x14 src/ASF/thirdparty/freertos/freertos-8.2.3/Source/tasks.o
 .bss.xTickCount
                0x20400b48        0x4 src/ASF/thirdparty/freertos/freertos-8.2.3/Source/tasks.o
 .bss.xYieldPending
                0x20400b4c        0x4 src/ASF/thirdparty/freertos/freertos-8.2.3/Source/tasks.o
 .bss.pxCurrentTimerList
                0x20400b50        0x4 src/ASF/thirdparty/freertos/freertos-8.2.3/Source/timers.o
 .bss.pxOverflowTimerList
                0x20400b54        0x4 src/ASF/thirdparty/freertos/freertos-8.2.3/Source/timers.o
 .bss.xActiveTimerList1
                0x20400b58       0x14 src/ASF/thirdparty/freertos/freertos-8.2.3/Source/timers.o
 .bss.xActiveTimerList2
                0x20400b6c       0x14 src/ASF/thirdparty/freertos/freertos-8.2.3/Source/timers.o
 .bss.xLastTime.9565
                0x20400b80        0x4 src/ASF/thirdparty/freertos/freertos-8.2.3/Source/timers.o
 .bss.xTimerQueue
                0x20400b84        0x4 src/ASF/thirdparty/freertos/freertos-8.2.3/Source/timers.o
 .bss.szList.10730
                0x20400b88      0x100 src/main.o
 .bss.__malloc_current_mallinfo
                0x20400c88       0x28 d:/program files/atmel/studio/7.0/toolchain/arm/arm-gnu-toolchain/bin/../lib/gcc/arm-none-eabi/6.2.1/../../../../arm-none-eabi/lib/thumb/v7e-m\libc.a(lib_a-mallocr.o)
                0x20400c88                __malloc_current_mallinfo
 .bss.__malloc_max_sbrked_mem
                0x20400cb0        0x4 d:/program files/atmel/studio/7.0/toolchain/arm/arm-gnu-toolchain/bin/../lib/gcc/arm-none-eabi/6.2.1/../../../../arm-none-eabi/lib/thumb/v7e-m\libc.a(lib_a-mallocr.o)
                0x20400cb0                __malloc_max_sbrked_mem
 .bss.__malloc_max_total_mem
                0x20400cb4        0x4 d:/program files/atmel/studio/7.0/toolchain/arm/arm-gnu-toolchain/bin/../lib/gcc/arm-none-eabi/6.2.1/../../../../arm-none-eabi/lib/thumb/v7e-m\libc.a(lib_a-mallocr.o)
                0x20400cb4                __malloc_max_total_mem
 .bss.__malloc_top_pad
                0x20400cb8        0x4 d:/program files/atmel/studio/7.0/toolchain/arm/arm-gnu-toolchain/bin/../lib/gcc/arm-none-eabi/6.2.1/../../../../arm-none-eabi/lib/thumb/v7e-m\libc.a(lib_a-mallocr.o)
                0x20400cb8                __malloc_top_pad
 *(COMMON)
 COMMON         0x20400cbc        0x4 src/ASF/common/utils/stdio/read.o
                0x20400cbc                ptr_get
 COMMON         0x20400cc0        0x8 src/ASF/common/utils/stdio/write.o
                0x20400cc0                ptr_put
                0x20400cc4                stdio_base
 COMMON         0x20400cc8       0x40 src/ASF/thirdparty/freertos/freertos-8.2.3/Source/queue.o
                0x20400cc8                xQueueRegistry
 COMMON         0x20400d08        0x4 d:/program files/atmel/studio/7.0/toolchain/arm/arm-gnu-toolchain/bin/../lib/gcc/arm-none-eabi/6.2.1/../../../../arm-none-eabi/lib/thumb/v7e-m\libc.a(lib_a-reent.o)
                0x20400d08                errno
                0x20400d0c                . = ALIGN (0x4)
                0x20400d0c                _ebss = .
                0x20400d0c                _ezero = .

.stack          0x20400d0c     0x2004 load address 0x0040a128
                0x20400d10                . = ALIGN (0x8)
 *fill*         0x20400d0c        0x4 
                0x20400d10                _sstack = .
                0x20402d10                . = (. + STACK_SIZE)
 *fill*         0x20400d10     0x2000 
                0x20402d10                . = ALIGN (0x8)
                0x20402d10                _estack = .

.heap           0x20402d10      0x200 load address 0x0040c12c
                0x20402d10                . = ALIGN (0x8)
                0x20402d10                _sheap = .
                0x20402f10                . = (. + HEAP_SIZE)
 *fill*         0x20402d10      0x200 
                0x20402f10                . = ALIGN (0x8)
                0x20402f10                _eheap = .
                0x20402f10                . = ALIGN (0x4)
                0x20402f10                _end = .
                0x2045ffff                _ram_end_ = ((ORIGIN (ram) + LENGTH (ram)) - 0x1)
OUTPUT(BaseProject.elf elf32-littlearm)

.ARM.attributes
                0x00000000       0x2e
 .ARM.attributes
                0x00000000       0x1e d:/program files/atmel/studio/7.0/toolchain/arm/arm-gnu-toolchain/bin/../lib/gcc/arm-none-eabi/6.2.1/thumb/v7e-m/crti.o
 .ARM.attributes
                0x0000001e       0x2e d:/program files/atmel/studio/7.0/toolchain/arm/arm-gnu-toolchain/bin/../lib/gcc/arm-none-eabi/6.2.1/thumb/v7e-m/crtbegin.o
 .ARM.attributes
                0x0000004c       0x37 src/ASF/common/services/clock/samv71/sysclk.o
 .ARM.attributes
                0x00000083       0x37 src/ASF/common/utils/interrupt/interrupt_sam_nvic.o
 .ARM.attributes
                0x000000ba       0x37 src/ASF/common/utils/stdio/read.o
 .ARM.attributes
                0x000000f1       0x37 src/ASF/common/utils/stdio/write.o
 .ARM.attributes
                0x00000128       0x37 src/ASF/sam/boards/samv71_xplained_ultra/init.o
 .ARM.attributes
                0x0000015f       0x37 src/ASF/sam/drivers/pio/pio.o
 .ARM.attributes
                0x00000196       0x37 src/ASF/sam/drivers/pio/pio_handler.o
 .ARM.attributes
                0x000001cd       0x37 src/ASF/sam/drivers/pmc/pmc.o
 .ARM.attributes
                0x00000204       0x37 src/ASF/sam/drivers/uart/uart.o
 .ARM.attributes
                0x0000023b       0x37 src/ASF/sam/drivers/usart/usart.o
 .ARM.attributes
                0x00000272       0x37 src/ASF/sam/utils/cmsis/samv71/source/templates/gcc/startup_samv71.o
 .ARM.attributes
                0x000002a9       0x37 src/ASF/sam/utils/cmsis/samv71/source/templates/system_samv71.o
 .ARM.attributes
                0x000002e0       0x37 src/ASF/sam/utils/syscalls/gcc/syscalls.o
 .ARM.attributes
                0x00000317       0x37 src/ASF/thirdparty/freertos/freertos-8.2.3/Source/list.o
 .ARM.attributes
                0x0000034e       0x37 src/ASF/thirdparty/freertos/freertos-8.2.3/Source/portable/GCC/ARM_CM7/r0p1/port.o
 .ARM.attributes
                0x00000385       0x37 src/ASF/thirdparty/freertos/freertos-8.2.3/Source/portable/MemMang/heap_3.o
 .ARM.attributes
                0x000003bc       0x37 src/ASF/thirdparty/freertos/freertos-8.2.3/Source/queue.o
 .ARM.attributes
                0x000003f3       0x37 src/ASF/thirdparty/freertos/freertos-8.2.3/Source/tasks.o
 .ARM.attributes
                0x0000042a       0x37 src/ASF/thirdparty/freertos/freertos-8.2.3/Source/timers.o
 .ARM.attributes
                0x00000461       0x37 src/main.o
 .ARM.attributes
                0x00000498       0x2e d:/program files/atmel/studio/7.0/toolchain/arm/arm-gnu-toolchain/bin/../lib/gcc/arm-none-eabi/6.2.1/../../../../arm-none-eabi/lib/thumb/v7e-m\libc.a(lib_a-impure.o)
 .ARM.attributes
                0x000004c6       0x2e d:/program files/atmel/studio/7.0/toolchain/arm/arm-gnu-toolchain/bin/../lib/gcc/arm-none-eabi/6.2.1/../../../../arm-none-eabi/lib/thumb/v7e-m\libc.a(lib_a-init.o)
 .ARM.attributes
                0x000004f4       0x2e d:/program files/atmel/studio/7.0/toolchain/arm/arm-gnu-toolchain/bin/../lib/gcc/arm-none-eabi/6.2.1/../../../../arm-none-eabi/lib/thumb/v7e-m\libc.a(lib_a-iprintf.o)
 .ARM.attributes
                0x00000522       0x2e d:/program files/atmel/studio/7.0/toolchain/arm/arm-gnu-toolchain/bin/../lib/gcc/arm-none-eabi/6.2.1/../../../../arm-none-eabi/lib/thumb/v7e-m\libc.a(lib_a-malloc.o)
 .ARM.attributes
                0x00000550       0x2e d:/program files/atmel/studio/7.0/toolchain/arm/arm-gnu-toolchain/bin/../lib/gcc/arm-none-eabi/6.2.1/../../../../arm-none-eabi/lib/thumb/v7e-m\libc.a(lib_a-mallocr.o)
 .ARM.attributes
                0x0000057e       0x1c d:/program files/atmel/studio/7.0/toolchain/arm/arm-gnu-toolchain/bin/../lib/gcc/arm-none-eabi/6.2.1/../../../../arm-none-eabi/lib/thumb/v7e-m\libc.a(lib_a-memcpy.o)
 .ARM.attributes
                0x0000059a       0x2e d:/program files/atmel/studio/7.0/toolchain/arm/arm-gnu-toolchain/bin/../lib/gcc/arm-none-eabi/6.2.1/../../../../arm-none-eabi/lib/thumb/v7e-m\libc.a(lib_a-memset.o)
 .ARM.attributes
                0x000005c8       0x2e d:/program files/atmel/studio/7.0/toolchain/arm/arm-gnu-toolchain/bin/../lib/gcc/arm-none-eabi/6.2.1/../../../../arm-none-eabi/lib/thumb/v7e-m\libc.a(lib_a-mlock.o)
 .ARM.attributes
                0x000005f6       0x2e d:/program files/atmel/studio/7.0/toolchain/arm/arm-gnu-toolchain/bin/../lib/gcc/arm-none-eabi/6.2.1/../../../../arm-none-eabi/lib/thumb/v7e-m\libc.a(lib_a-sbrkr.o)
 .ARM.attributes
                0x00000624       0x2e d:/program files/atmel/studio/7.0/toolchain/arm/arm-gnu-toolchain/bin/../lib/gcc/arm-none-eabi/6.2.1/../../../../arm-none-eabi/lib/thumb/v7e-m\libc.a(lib_a-setbuf.o)
 .ARM.attributes
                0x00000652       0x2e d:/program files/atmel/studio/7.0/toolchain/arm/arm-gnu-toolchain/bin/../lib/gcc/arm-none-eabi/6.2.1/../../../../arm-none-eabi/lib/thumb/v7e-m\libc.a(lib_a-setvbuf.o)
 .ARM.attributes
                0x00000680       0x2e d:/program files/atmel/studio/7.0/toolchain/arm/arm-gnu-toolchain/bin/../lib/gcc/arm-none-eabi/6.2.1/../../../../arm-none-eabi/lib/thumb/v7e-m\libc.a(lib_a-sprintf.o)
 .ARM.attributes
                0x000006ae       0x2e d:/program files/atmel/studio/7.0/toolchain/arm/arm-gnu-toolchain/bin/../lib/gcc/arm-none-eabi/6.2.1/../../../../arm-none-eabi/lib/thumb/v7e-m\libc.a(lib_a-strcpy.o)
 .ARM.attributes
                0x000006dc       0x1c d:/program files/atmel/studio/7.0/toolchain/arm/arm-gnu-toolchain/bin/../lib/gcc/arm-none-eabi/6.2.1/../../../../arm-none-eabi/lib/thumb/v7e-m\libc.a(lib_a-strlen.o)
 .ARM.attributes
                0x000006f8       0x2e d:/program files/atmel/studio/7.0/toolchain/arm/arm-gnu-toolchain/bin/../lib/gcc/arm-none-eabi/6.2.1/../../../../arm-none-eabi/lib/thumb/v7e-m\libc.a(lib_a-svfprintf.o)
 .ARM.attributes
                0x00000726       0x2e d:/program files/atmel/studio/7.0/toolchain/arm/arm-gnu-toolchain/bin/../lib/gcc/arm-none-eabi/6.2.1/../../../../arm-none-eabi/lib/thumb/v7e-m\libc.a(lib_a-vfiprintf.o)
 .ARM.attributes
                0x00000754       0x2e d:/program files/atmel/studio/7.0/toolchain/arm/arm-gnu-toolchain/bin/../lib/gcc/arm-none-eabi/6.2.1/../../../../arm-none-eabi/lib/thumb/v7e-m\libc.a(lib_a-wsetup.o)
 .ARM.attributes
                0x00000782       0x2e d:/program files/atmel/studio/7.0/toolchain/arm/arm-gnu-toolchain/bin/../lib/gcc/arm-none-eabi/6.2.1/../../../../arm-none-eabi/lib/thumb/v7e-m\libc.a(lib_a-__call_atexit.o)
 .ARM.attributes
                0x000007b0       0x2e d:/program files/atmel/studio/7.0/toolchain/arm/arm-gnu-toolchain/bin/../lib/gcc/arm-none-eabi/6.2.1/../../../../arm-none-eabi/lib/thumb/v7e-m\libc.a(lib_a-atexit.o)
 .ARM.attributes
                0x000007de       0x2e d:/program files/atmel/studio/7.0/toolchain/arm/arm-gnu-toolchain/bin/../lib/gcc/arm-none-eabi/6.2.1/../../../../arm-none-eabi/lib/thumb/v7e-m\libc.a(lib_a-dtoa.o)
 .ARM.attributes
                0x0000080c       0x2e d:/program files/atmel/studio/7.0/toolchain/arm/arm-gnu-toolchain/bin/../lib/gcc/arm-none-eabi/6.2.1/../../../../arm-none-eabi/lib/thumb/v7e-m\libc.a(lib_a-fflush.o)
 .ARM.attributes
                0x0000083a       0x2e d:/program files/atmel/studio/7.0/toolchain/arm/arm-gnu-toolchain/bin/../lib/gcc/arm-none-eabi/6.2.1/../../../../arm-none-eabi/lib/thumb/v7e-m\libc.a(lib_a-findfp.o)
 .ARM.attributes
                0x00000868       0x2e d:/program files/atmel/studio/7.0/toolchain/arm/arm-gnu-toolchain/bin/../lib/gcc/arm-none-eabi/6.2.1/../../../../arm-none-eabi/lib/thumb/v7e-m\libc.a(lib_a-fini.o)
 .ARM.attributes
                0x00000896       0x2e d:/program files/atmel/studio/7.0/toolchain/arm/arm-gnu-toolchain/bin/../lib/gcc/arm-none-eabi/6.2.1/../../../../arm-none-eabi/lib/thumb/v7e-m\libc.a(lib_a-fputwc.o)
 .ARM.attributes
                0x000008c4       0x2e d:/program files/atmel/studio/7.0/toolchain/arm/arm-gnu-toolchain/bin/../lib/gcc/arm-none-eabi/6.2.1/../../../../arm-none-eabi/lib/thumb/v7e-m\libc.a(lib_a-freer.o)
 .ARM.attributes
                0x000008f2       0x2e d:/program files/atmel/studio/7.0/toolchain/arm/arm-gnu-toolchain/bin/../lib/gcc/arm-none-eabi/6.2.1/../../../../arm-none-eabi/lib/thumb/v7e-m\libc.a(lib_a-fvwrite.o)
 .ARM.attributes
                0x00000920       0x2e d:/program files/atmel/studio/7.0/toolchain/arm/arm-gnu-toolchain/bin/../lib/gcc/arm-none-eabi/6.2.1/../../../../arm-none-eabi/lib/thumb/v7e-m\libc.a(lib_a-fwalk.o)
 .ARM.attributes
                0x0000094e       0x2e d:/program files/atmel/studio/7.0/toolchain/arm/arm-gnu-toolchain/bin/../lib/gcc/arm-none-eabi/6.2.1/../../../../arm-none-eabi/lib/thumb/v7e-m\libc.a(lib_a-locale.o)
 .ARM.attributes
                0x0000097c       0x2e d:/program files/atmel/studio/7.0/toolchain/arm/arm-gnu-toolchain/bin/../lib/gcc/arm-none-eabi/6.2.1/../../../../arm-none-eabi/lib/thumb/v7e-m\libc.a(lib_a-localeconv.o)
 .ARM.attributes
                0x000009aa       0x2e d:/program files/atmel/studio/7.0/toolchain/arm/arm-gnu-toolchain/bin/../lib/gcc/arm-none-eabi/6.2.1/../../../../arm-none-eabi/lib/thumb/v7e-m\libc.a(lib_a-makebuf.o)
 .ARM.attributes
                0x000009d8       0x2e d:/program files/atmel/studio/7.0/toolchain/arm/arm-gnu-toolchain/bin/../lib/gcc/arm-none-eabi/6.2.1/../../../../arm-none-eabi/lib/thumb/v7e-m\libc.a(lib_a-mbtowc_r.o)
 .ARM.attributes
                0x00000a06       0x1c d:/program files/atmel/studio/7.0/toolchain/arm/arm-gnu-toolchain/bin/../lib/gcc/arm-none-eabi/6.2.1/../../../../arm-none-eabi/lib/thumb/v7e-m\libc.a(lib_a-memchr.o)
 .ARM.attributes
                0x00000a22       0x2e d:/program files/atmel/studio/7.0/toolchain/arm/arm-gnu-toolchain/bin/../lib/gcc/arm-none-eabi/6.2.1/../../../../arm-none-eabi/lib/thumb/v7e-m\libc.a(lib_a-memmove.o)
 .ARM.attributes
                0x00000a50       0x2e d:/program files/atmel/studio/7.0/toolchain/arm/arm-gnu-toolchain/bin/../lib/gcc/arm-none-eabi/6.2.1/../../../../arm-none-eabi/lib/thumb/v7e-m\libc.a(lib_a-mprec.o)
 .ARM.attributes
                0x00000a7e       0x2e d:/program files/atmel/studio/7.0/toolchain/arm/arm-gnu-toolchain/bin/../lib/gcc/arm-none-eabi/6.2.1/../../../../arm-none-eabi/lib/thumb/v7e-m\libc.a(lib_a-reallocr.o)
 .ARM.attributes
                0x00000aac       0x2e d:/program files/atmel/studio/7.0/toolchain/arm/arm-gnu-toolchain/bin/../lib/gcc/arm-none-eabi/6.2.1/../../../../arm-none-eabi/lib/thumb/v7e-m\libc.a(lib_a-reent.o)
 .ARM.attributes
                0x00000ada       0x2e d:/program files/atmel/studio/7.0/toolchain/arm/arm-gnu-toolchain/bin/../lib/gcc/arm-none-eabi/6.2.1/../../../../arm-none-eabi/lib/thumb/v7e-m\libc.a(lib_a-stdio.o)
 .ARM.attributes
                0x00000b08       0x2e d:/program files/atmel/studio/7.0/toolchain/arm/arm-gnu-toolchain/bin/../lib/gcc/arm-none-eabi/6.2.1/../../../../arm-none-eabi/lib/thumb/v7e-m\libc.a(lib_a-svfiprintf.o)
 .ARM.attributes
                0x00000b36       0x2e d:/program files/atmel/studio/7.0/toolchain/arm/arm-gnu-toolchain/bin/../lib/gcc/arm-none-eabi/6.2.1/../../../../arm-none-eabi/lib/thumb/v7e-m\libc.a(lib_a-wbuf.o)
 .ARM.attributes
                0x00000b64       0x2e d:/program files/atmel/studio/7.0/toolchain/arm/arm-gnu-toolchain/bin/../lib/gcc/arm-none-eabi/6.2.1/../../../../arm-none-eabi/lib/thumb/v7e-m\libc.a(lib_a-wcrtomb.o)
 .ARM.attributes
                0x00000b92       0x2e d:/program files/atmel/studio/7.0/toolchain/arm/arm-gnu-toolchain/bin/../lib/gcc/arm-none-eabi/6.2.1/../../../../arm-none-eabi/lib/thumb/v7e-m\libc.a(lib_a-wctomb_r.o)
 .ARM.attributes
                0x00000bc0       0x2e d:/program files/atmel/studio/7.0/toolchain/arm/arm-gnu-toolchain/bin/../lib/gcc/arm-none-eabi/6.2.1/../../../../arm-none-eabi/lib/thumb/v7e-m\libc.a(lib_a-writer.o)
 .ARM.attributes
                0x00000bee       0x2e d:/program files/atmel/studio/7.0/toolchain/arm/arm-gnu-toolchain/bin/../lib/gcc/arm-none-eabi/6.2.1/../../../../arm-none-eabi/lib/thumb/v7e-m\libc.a(lib_a-__atexit.o)
 .ARM.attributes
                0x00000c1c       0x2e d:/program files/atmel/studio/7.0/toolchain/arm/arm-gnu-toolchain/bin/../lib/gcc/arm-none-eabi/6.2.1/../../../../arm-none-eabi/lib/thumb/v7e-m\libc.a(lib_a-callocr.o)
 .ARM.attributes
                0x00000c4a       0x2e d:/program files/atmel/studio/7.0/toolchain/arm/arm-gnu-toolchain/bin/../lib/gcc/arm-none-eabi/6.2.1/../../../../arm-none-eabi/lib/thumb/v7e-m\libc.a(lib_a-closer.o)
 .ARM.attributes
                0x00000c78       0x2e d:/program files/atmel/studio/7.0/toolchain/arm/arm-gnu-toolchain/bin/../lib/gcc/arm-none-eabi/6.2.1/../../../../arm-none-eabi/lib/thumb/v7e-m\libc.a(lib_a-ctype_.o)
 .ARM.attributes
                0x00000ca6       0x2e d:/program files/atmel/studio/7.0/toolchain/arm/arm-gnu-toolchain/bin/../lib/gcc/arm-none-eabi/6.2.1/../../../../arm-none-eabi/lib/thumb/v7e-m\libc.a(lib_a-fclose.o)
 .ARM.attributes
                0x00000cd4       0x2e d:/program files/atmel/studio/7.0/toolchain/arm/arm-gnu-toolchain/bin/../lib/gcc/arm-none-eabi/6.2.1/../../../../arm-none-eabi/lib/thumb/v7e-m\libc.a(lib_a-fstatr.o)
 .ARM.attributes
                0x00000d02       0x2e d:/program files/atmel/studio/7.0/toolchain/arm/arm-gnu-toolchain/bin/../lib/gcc/arm-none-eabi/6.2.1/../../../../arm-none-eabi/lib/thumb/v7e-m\libc.a(lib_a-isattyr.o)
 .ARM.attributes
                0x00000d30       0x2e d:/program files/atmel/studio/7.0/toolchain/arm/arm-gnu-toolchain/bin/../lib/gcc/arm-none-eabi/6.2.1/../../../../arm-none-eabi/lib/thumb/v7e-m\libc.a(lib_a-lseekr.o)
 .ARM.attributes
                0x00000d5e       0x2e d:/program files/atmel/studio/7.0/toolchain/arm/arm-gnu-toolchain/bin/../lib/gcc/arm-none-eabi/6.2.1/../../../../arm-none-eabi/lib/thumb/v7e-m\libc.a(lib_a-readr.o)
 .ARM.attributes
                0x00000d8c       0x1e d:/program files/atmel/studio/7.0/toolchain/arm/arm-gnu-toolchain/bin/../lib/gcc/arm-none-eabi/6.2.1/thumb/v7e-m\libgcc.a(_arm_addsubdf3.o)
 .ARM.attributes
                0x00000daa       0x1e d:/program files/atmel/studio/7.0/toolchain/arm/arm-gnu-toolchain/bin/../lib/gcc/arm-none-eabi/6.2.1/thumb/v7e-m\libgcc.a(_arm_muldivdf3.o)
 .ARM.attributes
                0x00000dc8       0x1e d:/program files/atmel/studio/7.0/toolchain/arm/arm-gnu-toolchain/bin/../lib/gcc/arm-none-eabi/6.2.1/thumb/v7e-m\libgcc.a(_arm_cmpdf2.o)
 .ARM.attributes
                0x00000de6       0x1e d:/program files/atmel/studio/7.0/toolchain/arm/arm-gnu-toolchain/bin/../lib/gcc/arm-none-eabi/6.2.1/thumb/v7e-m\libgcc.a(_arm_unorddf2.o)
 .ARM.attributes
                0x00000e04       0x1e d:/program files/atmel/studio/7.0/toolchain/arm/arm-gnu-toolchain/bin/../lib/gcc/arm-none-eabi/6.2.1/thumb/v7e-m\libgcc.a(_arm_fixdfsi.o)
 .ARM.attributes
                0x00000e22       0x1e d:/program files/atmel/studio/7.0/toolchain/arm/arm-gnu-toolchain/bin/../lib/gcc/arm-none-eabi/6.2.1/thumb/v7e-m\libgcc.a(_aeabi_uldivmod.o)
 .ARM.attributes
                0x00000e40       0x2e d:/program files/atmel/studio/7.0/toolchain/arm/arm-gnu-toolchain/bin/../lib/gcc/arm-none-eabi/6.2.1/thumb/v7e-m\libgcc.a(_udivmoddi4.o)
 .ARM.attributes
                0x00000e6e       0x1e d:/program files/atmel/studio/7.0/toolchain/arm/arm-gnu-toolchain/bin/../lib/gcc/arm-none-eabi/6.2.1/thumb/v7e-m\libgcc.a(_dvmd_tls.o)
 .ARM.attributes
                0x00000e8c       0x1e d:/program files/atmel/studio/7.0/toolchain/arm/arm-gnu-toolchain/bin/../lib/gcc/arm-none-eabi/6.2.1/thumb/v7e-m/crtn.o

.comment        0x00000000       0x59
 .comment       0x00000000       0x59 src/ASF/common/services/clock/samv71/sysclk.o
                                 0x5a (size before relaxing)
 .comment       0x00000059       0x5a src/ASF/common/utils/interrupt/interrupt_sam_nvic.o
 .comment       0x00000059       0x5a src/ASF/common/utils/stdio/read.o
 .comment       0x00000059       0x5a src/ASF/common/utils/stdio/write.o
 .comment       0x00000059       0x5a src/ASF/sam/boards/samv71_xplained_ultra/init.o
 .comment       0x00000059       0x5a src/ASF/sam/drivers/pio/pio.o
 .comment       0x00000059       0x5a src/ASF/sam/drivers/pio/pio_handler.o
 .comment       0x00000059       0x5a src/ASF/sam/drivers/pmc/pmc.o
 .comment       0x00000059       0x5a src/ASF/sam/drivers/uart/uart.o
 .comment       0x00000059       0x5a src/ASF/sam/drivers/usart/usart.o
 .comment       0x00000059       0x5a src/ASF/sam/utils/cmsis/samv71/source/templates/gcc/startup_samv71.o
 .comment       0x00000059       0x5a src/ASF/sam/utils/cmsis/samv71/source/templates/system_samv71.o
 .comment       0x00000059       0x5a src/ASF/sam/utils/syscalls/gcc/syscalls.o
 .comment       0x00000059       0x5a src/ASF/thirdparty/freertos/freertos-8.2.3/Source/list.o
 .comment       0x00000059       0x5a src/ASF/thirdparty/freertos/freertos-8.2.3/Source/portable/GCC/ARM_CM7/r0p1/port.o
 .comment       0x00000059       0x5a src/ASF/thirdparty/freertos/freertos-8.2.3/Source/portable/MemMang/heap_3.o
 .comment       0x00000059       0x5a src/ASF/thirdparty/freertos/freertos-8.2.3/Source/queue.o
 .comment       0x00000059       0x5a src/ASF/thirdparty/freertos/freertos-8.2.3/Source/tasks.o
 .comment       0x00000059       0x5a src/ASF/thirdparty/freertos/freertos-8.2.3/Source/timers.o
 .comment       0x00000059       0x5a src/main.o

.debug_info     0x00000000    0x1c2a0
 .debug_info    0x00000000     0x125b src/ASF/common/services/clock/samv71/sysclk.o
 .debug_info    0x0000125b      0xaf5 src/ASF/common/utils/interrupt/interrupt_sam_nvic.o
 .debug_info    0x00001d50      0xabd src/ASF/common/utils/stdio/read.o
 .debug_info    0x0000280d      0xaba src/ASF/common/utils/stdio/write.o
 .debug_info    0x000032c7     0x203b src/ASF/sam/boards/samv71_xplained_ultra/init.o
 .debug_info    0x00005302     0x2144 src/ASF/sam/drivers/pio/pio.o
 .debug_info    0x00007446     0x1b1c src/ASF/sam/drivers/pio/pio_handler.o
 .debug_info    0x00008f62     0x1e02 src/ASF/sam/drivers/pmc/pmc.o
 .debug_info    0x0000ad64     0x102f src/ASF/sam/drivers/uart/uart.o
 .debug_info    0x0000bd93     0x2318 src/ASF/sam/drivers/usart/usart.o
 .debug_info    0x0000e0ab     0x155e src/ASF/sam/utils/cmsis/samv71/source/templates/gcc/startup_samv71.o
 .debug_info    0x0000f609      0x55b src/ASF/sam/utils/cmsis/samv71/source/templates/system_samv71.o
 .debug_info    0x0000fb64      0xda4 src/ASF/sam/utils/syscalls/gcc/syscalls.o
 .debug_info    0x00010908      0xc4b src/ASF/thirdparty/freertos/freertos-8.2.3/Source/list.o
 .debug_info    0x00011553      0xeaa src/ASF/thirdparty/freertos/freertos-8.2.3/Source/portable/GCC/ARM_CM7/r0p1/port.o
 .debug_info    0x000123fd      0xb41 src/ASF/thirdparty/freertos/freertos-8.2.3/Source/portable/MemMang/heap_3.o
 .debug_info    0x00012f3e     0x26e0 src/ASF/thirdparty/freertos/freertos-8.2.3/Source/queue.o
 .debug_info    0x0001561e     0x34a8 src/ASF/thirdparty/freertos/freertos-8.2.3/Source/tasks.o
 .debug_info    0x00018ac6     0x1b32 src/ASF/thirdparty/freertos/freertos-8.2.3/Source/timers.o
 .debug_info    0x0001a5f8     0x1ca8 src/main.o

.debug_abbrev   0x00000000     0x3b74
 .debug_abbrev  0x00000000      0x31f src/ASF/common/services/clock/samv71/sysclk.o
 .debug_abbrev  0x0000031f      0x212 src/ASF/common/utils/interrupt/interrupt_sam_nvic.o
 .debug_abbrev  0x00000531      0x1fe src/ASF/common/utils/stdio/read.o
 .debug_abbrev  0x0000072f      0x1e9 src/ASF/common/utils/stdio/write.o
 .debug_abbrev  0x00000918      0x368 src/ASF/sam/boards/samv71_xplained_ultra/init.o
 .debug_abbrev  0x00000c80      0x410 src/ASF/sam/drivers/pio/pio.o
 .debug_abbrev  0x00001090      0x32f src/ASF/sam/drivers/pio/pio_handler.o
 .debug_abbrev  0x000013bf      0x369 src/ASF/sam/drivers/pmc/pmc.o
 .debug_abbrev  0x00001728      0x26e src/ASF/sam/drivers/uart/uart.o
 .debug_abbrev  0x00001996      0x3bd src/ASF/sam/drivers/usart/usart.o
 .debug_abbrev  0x00001d53      0x2e4 src/ASF/sam/utils/cmsis/samv71/source/templates/gcc/startup_samv71.o
 .debug_abbrev  0x00002037      0x102 src/ASF/sam/utils/cmsis/samv71/source/templates/system_samv71.o
 .debug_abbrev  0x00002139      0x264 src/ASF/sam/utils/syscalls/gcc/syscalls.o
 .debug_abbrev  0x0000239d      0x221 src/ASF/thirdparty/freertos/freertos-8.2.3/Source/list.o
 .debug_abbrev  0x000025be      0x357 src/ASF/thirdparty/freertos/freertos-8.2.3/Source/portable/GCC/ARM_CM7/r0p1/port.o
 .debug_abbrev  0x00002915      0x268 src/ASF/thirdparty/freertos/freertos-8.2.3/Source/portable/MemMang/heap_3.o
 .debug_abbrev  0x00002b7d      0x399 src/ASF/thirdparty/freertos/freertos-8.2.3/Source/queue.o
 .debug_abbrev  0x00002f16      0x48d src/ASF/thirdparty/freertos/freertos-8.2.3/Source/tasks.o
 .debug_abbrev  0x000033a3      0x3ce src/ASF/thirdparty/freertos/freertos-8.2.3/Source/timers.o
 .debug_abbrev  0x00003771      0x403 src/main.o

.debug_loc      0x00000000     0x86b0
 .debug_loc     0x00000000      0x183 src/ASF/common/services/clock/samv71/sysclk.o
 .debug_loc     0x00000183       0xb3 src/ASF/common/utils/stdio/read.o
 .debug_loc     0x00000236      0x12b src/ASF/common/utils/stdio/write.o
 .debug_loc     0x00000361      0x2b1 src/ASF/sam/boards/samv71_xplained_ultra/init.o
 .debug_loc     0x00000612      0xea4 src/ASF/sam/drivers/pio/pio.o
 .debug_loc     0x000014b6      0x588 src/ASF/sam/drivers/pio/pio_handler.o
 .debug_loc     0x00001a3e      0xce3 src/ASF/sam/drivers/pmc/pmc.o
 .debug_loc     0x00002721      0x2a3 src/ASF/sam/drivers/uart/uart.o
 .debug_loc     0x000029c4      0xf35 src/ASF/sam/drivers/usart/usart.o
 .debug_loc     0x000038f9       0x77 src/ASF/sam/utils/cmsis/samv71/source/templates/gcc/startup_samv71.o
 .debug_loc     0x00003970       0xfd src/ASF/sam/utils/syscalls/gcc/syscalls.o
 .debug_loc     0x00003a6d       0x9c src/ASF/thirdparty/freertos/freertos-8.2.3/Source/list.o
 .debug_loc     0x00003b09      0x107 src/ASF/thirdparty/freertos/freertos-8.2.3/Source/portable/GCC/ARM_CM7/r0p1/port.o
 .debug_loc     0x00003c10       0xbf src/ASF/thirdparty/freertos/freertos-8.2.3/Source/portable/MemMang/heap_3.o
 .debug_loc     0x00003ccf     0x173f src/ASF/thirdparty/freertos/freertos-8.2.3/Source/queue.o
 .debug_loc     0x0000540e     0x20bd src/ASF/thirdparty/freertos/freertos-8.2.3/Source/tasks.o
 .debug_loc     0x000074cb      0xd26 src/ASF/thirdparty/freertos/freertos-8.2.3/Source/timers.o
 .debug_loc     0x000081f1      0x4bf src/main.o

.debug_aranges  0x00000000      0xde0
 .debug_aranges
                0x00000000       0x40 src/ASF/common/services/clock/samv71/sysclk.o
 .debug_aranges
                0x00000040       0x28 src/ASF/common/utils/interrupt/interrupt_sam_nvic.o
 .debug_aranges
                0x00000068       0x20 src/ASF/common/utils/stdio/read.o
 .debug_aranges
                0x00000088       0x20 src/ASF/common/utils/stdio/write.o
 .debug_aranges
                0x000000a8       0x20 src/ASF/sam/boards/samv71_xplained_ultra/init.o
 .debug_aranges
                0x000000c8      0x1a8 src/ASF/sam/drivers/pio/pio.o
 .debug_aranges
                0x00000270       0x60 src/ASF/sam/drivers/pio/pio_handler.o
 .debug_aranges
                0x000002d0      0x250 src/ASF/sam/drivers/pmc/pmc.o
 .debug_aranges
                0x00000520       0xd8 src/ASF/sam/drivers/uart/uart.o
 .debug_aranges
                0x000005f8      0x2a8 src/ASF/sam/drivers/usart/usart.o
 .debug_aranges
                0x000008a0       0x28 src/ASF/sam/utils/cmsis/samv71/source/templates/gcc/startup_samv71.o
 .debug_aranges
                0x000008c8       0x30 src/ASF/sam/utils/cmsis/samv71/source/templates/system_samv71.o
 .debug_aranges
                0x000008f8       0x60 src/ASF/sam/utils/syscalls/gcc/syscalls.o
 .debug_aranges
                0x00000958       0x40 src/ASF/thirdparty/freertos/freertos-8.2.3/Source/list.o
 .debug_aranges
                0x00000998       0x80 src/ASF/thirdparty/freertos/freertos-8.2.3/Source/portable/GCC/ARM_CM7/r0p1/port.o
 .debug_aranges
                0x00000a18       0x28 src/ASF/thirdparty/freertos/freertos-8.2.3/Source/portable/MemMang/heap_3.o
 .debug_aranges
                0x00000a40      0x120 src/ASF/thirdparty/freertos/freertos-8.2.3/Source/queue.o
 .debug_aranges
                0x00000b60      0x1a0 src/ASF/thirdparty/freertos/freertos-8.2.3/Source/tasks.o
 .debug_aranges
                0x00000d00       0x80 src/ASF/thirdparty/freertos/freertos-8.2.3/Source/timers.o
 .debug_aranges
                0x00000d80       0x60 src/main.o

.debug_ranges   0x00000000      0xf88
 .debug_ranges  0x00000000       0x30 src/ASF/common/services/clock/samv71/sysclk.o
 .debug_ranges  0x00000030       0x18 src/ASF/common/utils/interrupt/interrupt_sam_nvic.o
 .debug_ranges  0x00000048       0x10 src/ASF/common/utils/stdio/read.o
 .debug_ranges  0x00000058       0x10 src/ASF/common/utils/stdio/write.o
 .debug_ranges  0x00000068       0x10 src/ASF/sam/boards/samv71_xplained_ultra/init.o
 .debug_ranges  0x00000078      0x2a0 src/ASF/sam/drivers/pio/pio.o
 .debug_ranges  0x00000318       0x68 src/ASF/sam/drivers/pio/pio_handler.o
 .debug_ranges  0x00000380      0x240 src/ASF/sam/drivers/pmc/pmc.o
 .debug_ranges  0x000005c0       0xc8 src/ASF/sam/drivers/uart/uart.o
 .debug_ranges  0x00000688      0x298 src/ASF/sam/drivers/usart/usart.o
 .debug_ranges  0x00000920       0x18 src/ASF/sam/utils/cmsis/samv71/source/templates/gcc/startup_samv71.o
 .debug_ranges  0x00000938       0x20 src/ASF/sam/utils/cmsis/samv71/source/templates/system_samv71.o
 .debug_ranges  0x00000958       0x50 src/ASF/sam/utils/syscalls/gcc/syscalls.o
 .debug_ranges  0x000009a8       0x30 src/ASF/thirdparty/freertos/freertos-8.2.3/Source/list.o
 .debug_ranges  0x000009d8       0x70 src/ASF/thirdparty/freertos/freertos-8.2.3/Source/portable/GCC/ARM_CM7/r0p1/port.o
 .debug_ranges  0x00000a48       0x18 src/ASF/thirdparty/freertos/freertos-8.2.3/Source/portable/MemMang/heap_3.o
 .debug_ranges  0x00000a60      0x110 src/ASF/thirdparty/freertos/freertos-8.2.3/Source/queue.o
 .debug_ranges  0x00000b70      0x2e8 src/ASF/thirdparty/freertos/freertos-8.2.3/Source/tasks.o
 .debug_ranges  0x00000e58       0xc0 src/ASF/thirdparty/freertos/freertos-8.2.3/Source/timers.o
 .debug_ranges  0x00000f18       0x70 src/main.o

.debug_macro    0x00000000    0x212d7
 .debug_macro   0x00000000      0x6e7 src/ASF/common/services/clock/samv71/sysclk.o
 .debug_macro   0x000006e7      0x8ce src/ASF/common/services/clock/samv71/sysclk.o
 .debug_macro   0x00000fb5      0x64b src/ASF/common/services/clock/samv71/sysclk.o
 .debug_macro   0x00001600       0x3a src/ASF/common/services/clock/samv71/sysclk.o
 .debug_macro   0x0000163a      0x16d src/ASF/common/services/clock/samv71/sysclk.o
 .debug_macro   0x000017a7       0x76 src/ASF/common/services/clock/samv71/sysclk.o
 .debug_macro   0x0000181d       0x16 src/ASF/common/services/clock/samv71/sysclk.o
 .debug_macro   0x00001833      0x6e4 src/ASF/common/services/clock/samv71/sysclk.o
 .debug_macro   0x00001f17       0x22 src/ASF/common/services/clock/samv71/sysclk.o
 .debug_macro   0x00001f39       0x87 src/ASF/common/services/clock/samv71/sysclk.o
 .debug_macro   0x00001fc0       0x51 src/ASF/common/services/clock/samv71/sysclk.o
 .debug_macro   0x00002011       0xef src/ASF/common/services/clock/samv71/sysclk.o
 .debug_macro   0x00002100       0x6a src/ASF/common/services/clock/samv71/sysclk.o
 .debug_macro   0x0000216a      0x1df src/ASF/common/services/clock/samv71/sysclk.o
 .debug_macro   0x00002349       0x4a src/ASF/common/services/clock/samv71/sysclk.o
 .debug_macro   0x00002393       0x3b src/ASF/common/services/clock/samv71/sysclk.o
 .debug_macro   0x000023ce       0x2d src/ASF/common/services/clock/samv71/sysclk.o
 .debug_macro   0x000023fb       0x26 src/ASF/common/services/clock/samv71/sysclk.o
 .debug_macro   0x00002421      0xf9a src/ASF/common/services/clock/samv71/sysclk.o
 .debug_macro   0x000033bb      0x175 src/ASF/common/services/clock/samv71/sysclk.o